Component: ARM Compiler 5.05 update 1 (build 106) Tool: armlink [4d0efa]

==============================================================================

Section Cross References

    startup_stm32f10x_hd.o(RESET) refers to startup_stm32f10x_hd.o(STACK) for __initial_sp
    startup_stm32f10x_hd.o(RESET) refers to startup_stm32f10x_hd.o(.text) for Reset_Handler
    startup_stm32f10x_hd.o(RESET) refers to stm32f10x_it.o(i.NMI_Handler) for NMI_Handler
    startup_stm32f10x_hd.o(RESET) refers to stm32f10x_it.o(i.HardFault_Handler) for HardFault_Handler
    startup_stm32f10x_hd.o(RESET) refers to stm32f10x_it.o(i.MemManage_Handler) for MemManage_Handler
    startup_stm32f10x_hd.o(RESET) refers to stm32f10x_it.o(i.BusFault_Handler) for BusFault_Handler
    startup_stm32f10x_hd.o(RESET) refers to stm32f10x_it.o(i.UsageFault_Handler) for UsageFault_Handler
    startup_stm32f10x_hd.o(RESET) refers to stm32f10x_it.o(i.SVC_Handler) for SVC_Handler
    startup_stm32f10x_hd.o(RESET) refers to stm32f10x_it.o(i.DebugMon_Handler) for DebugMon_Handler
    startup_stm32f10x_hd.o(RESET) refers to stm32f10x_it.o(i.PendSV_Handler) for PendSV_Handler
    startup_stm32f10x_hd.o(RESET) refers to stm32f10x_it.o(i.SysTick_Handler) for SysTick_Handler
    startup_stm32f10x_hd.o(RESET) refers to stm32f10x_it.o(i.DMA1_Channel3_IRQHandler) for DMA1_Channel3_IRQHandler
    startup_stm32f10x_hd.o(RESET) refers to stm32f10x_it.o(i.DMA1_Channel4_IRQHandler) for DMA1_Channel4_IRQHandler
    startup_stm32f10x_hd.o(RESET) refers to bsp_timer.o(i.TIM1_UP_IRQHandler) for TIM1_UP_IRQHandler
    startup_stm32f10x_hd.o(RESET) refers to bsp_uart.o(i.USART1_IRQHandler) for USART1_IRQHandler
    startup_stm32f10x_hd.o(.text) refers to system_stm32f10x.o(i.SystemInit) for SystemInit
    startup_stm32f10x_hd.o(.text) refers to entry.o(.ARM.Collect$$$$00000000) for __main
    system_stm32f10x.o(i.SetSysClock) refers to system_stm32f10x.o(i.SetSysClockTo72) for SetSysClockTo72
    system_stm32f10x.o(i.SystemCoreClockUpdate) refers to system_stm32f10x.o(.data) for SystemCoreClock
    system_stm32f10x.o(i.SystemInit) refers to system_stm32f10x.o(i.SetSysClock) for SetSysClock
    stm32f10x_adc.o(i.ADC_DeInit) refers to stm32f10x_rcc.o(i.RCC_APB2PeriphResetCmd) for RCC_APB2PeriphResetCmd
    stm32f10x_bkp.o(i.BKP_DeInit) refers to stm32f10x_rcc.o(i.RCC_BackupResetCmd) for RCC_BackupResetCmd
    stm32f10x_can.o(i.CAN_DeInit) refers to stm32f10x_rcc.o(i.RCC_APB1PeriphResetCmd) for RCC_APB1PeriphResetCmd
    stm32f10x_can.o(i.CAN_GetITStatus) refers to stm32f10x_can.o(i.CheckITStatus) for CheckITStatus
    stm32f10x_cec.o(i.CEC_DeInit) refers to stm32f10x_rcc.o(i.RCC_APB1PeriphResetCmd) for RCC_APB1PeriphResetCmd
    stm32f10x_dac.o(i.DAC_DeInit) refers to stm32f10x_rcc.o(i.RCC_APB1PeriphResetCmd) for RCC_APB1PeriphResetCmd
    stm32f10x_flash.o(i.FLASH_EnableWriteProtection) refers to stm32f10x_flash.o(i.FLASH_WaitForLastOperation) for FLASH_WaitForLastOperation
    stm32f10x_flash.o(i.FLASH_EraseAllBank1Pages) refers to stm32f10x_flash.o(i.FLASH_WaitForLastBank1Operation) for FLASH_WaitForLastBank1Operation
    stm32f10x_flash.o(i.FLASH_EraseAllPages) refers to stm32f10x_flash.o(i.FLASH_WaitForLastOperation) for FLASH_WaitForLastOperation
    stm32f10x_flash.o(i.FLASH_EraseOptionBytes) refers to stm32f10x_flash.o(i.FLASH_GetReadOutProtectionStatus) for FLASH_GetReadOutProtectionStatus
    stm32f10x_flash.o(i.FLASH_EraseOptionBytes) refers to stm32f10x_flash.o(i.FLASH_WaitForLastOperation) for FLASH_WaitForLastOperation
    stm32f10x_flash.o(i.FLASH_ErasePage) refers to stm32f10x_flash.o(i.FLASH_WaitForLastOperation) for FLASH_WaitForLastOperation
    stm32f10x_flash.o(i.FLASH_ProgramHalfWord) refers to stm32f10x_flash.o(i.FLASH_WaitForLastOperation) for FLASH_WaitForLastOperation
    stm32f10x_flash.o(i.FLASH_ProgramOptionByteData) refers to stm32f10x_flash.o(i.FLASH_WaitForLastOperation) for FLASH_WaitForLastOperation
    stm32f10x_flash.o(i.FLASH_ProgramWord) refers to stm32f10x_flash.o(i.FLASH_WaitForLastOperation) for FLASH_WaitForLastOperation
    stm32f10x_flash.o(i.FLASH_ReadOutProtection) refers to stm32f10x_flash.o(i.FLASH_WaitForLastOperation) for FLASH_WaitForLastOperation
    stm32f10x_flash.o(i.FLASH_UserOptionByteConfig) refers to stm32f10x_flash.o(i.FLASH_WaitForLastOperation) for FLASH_WaitForLastOperation
    stm32f10x_flash.o(i.FLASH_WaitForLastBank1Operation) refers to stm32f10x_flash.o(i.FLASH_GetBank1Status) for FLASH_GetBank1Status
    stm32f10x_flash.o(i.FLASH_WaitForLastOperation) refers to stm32f10x_flash.o(i.FLASH_GetBank1Status) for FLASH_GetBank1Status
    stm32f10x_gpio.o(i.GPIO_AFIODeInit) refers to stm32f10x_rcc.o(i.RCC_APB2PeriphResetCmd) for RCC_APB2PeriphResetCmd
    stm32f10x_gpio.o(i.GPIO_DeInit) refers to stm32f10x_rcc.o(i.RCC_APB2PeriphResetCmd) for RCC_APB2PeriphResetCmd
    stm32f10x_i2c.o(i.I2C_DeInit) refers to stm32f10x_rcc.o(i.RCC_APB1PeriphResetCmd) for RCC_APB1PeriphResetCmd
[...]
    Removing generator.o(i.nmea_igen_static_reset), (130 bytes).
    Removing generator.o(i.nmea_random), (88 bytes).
    Removing generator.o(.data), (8 bytes).
    Removing gmath.o(i.__ARM_isnan), (36 bytes).
    Removing gmath.o(i.nmea_calc_pdop), (66 bytes).
    Removing gmath.o(i.nmea_degree2ndeg), (80 bytes).
    Removing gmath.o(i.nmea_degree2radian), (28 bytes).
    Removing gmath.o(i.nmea_distance), (172 bytes).
    Removing gmath.o(i.nmea_distance_ellipsoid), (2016 bytes).
    Removing gmath.o(i.nmea_dop2meters), (24 bytes).
    Removing gmath.o(i.nmea_info2pos), (36 bytes).
    Removing gmath.o(i.nmea_meters2dop), (24 bytes).
    Removing gmath.o(i.nmea_move_horz), (392 bytes).
    Removing gmath.o(i.nmea_move_horz_ellipsoid), (2004 bytes).
    Removing gmath.o(i.nmea_ndeg2degree), (100 bytes).
    Removing gmath.o(i.nmea_ndeg2radian), (26 bytes).
    Removing gmath.o(i.nmea_pos2info), (36 bytes).
    Removing gmath.o(i.nmea_radian2degree), (28 bytes).
    Removing gmath.o(i.nmea_radian2ndeg), (26 bytes).
    Removing info.o(i.nmea_zero_INFO), (30 bytes).
    Removing parse.o(i._nmea_parse_time), (196 bytes).
    Removing parse.o(i.nmea_GPGGA2info), (98 bytes).
    Removing parse.o(i.nmea_GPGSA2info), (118 bytes).
    Removing parse.o(i.nmea_GPGSV2info), (198 bytes).
    Removing parse.o(i.nmea_GPRMC2info), (156 bytes).
    Removing parse.o(i.nmea_GPVTG2info), (34 bytes).
    Removing parse.o(i.nmea_find_tail), (130 bytes).
    Removing parse.o(i.nmea_pack_type), (112 bytes).
    Removing parse.o(i.nmea_parse_GPGGA), (244 bytes).
    Removing parse.o(i.nmea_parse_GPGSA), (208 bytes).
    Removing parse.o(i.nmea_parse_GPGSV), (200 bytes).
    Removing parse.o(i.nmea_parse_GPRMC), (268 bytes).
    Removing parse.o(i.nmea_parse_GPVTG), (220 bytes).
    Removing parse.o(.conststring), (105 bytes).
    Removing parse.o(.data), (20 bytes).
    Removing parser.o(i.nmea_parse), (134 bytes).
    Removing parser.o(i.nmea_parser_buff_clear), (10 bytes).
    Removing parser.o(i.nmea_parser_destroy), (26 bytes).
    Removing parser.o(i.nmea_parser_drop), (44 bytes).
    Removing parser.o(i.nmea_parser_init), (80 bytes).
    Removing parser.o(i.nmea_parser_peek), (20 bytes).
    Removing parser.o(i.nmea_parser_pop), (44 bytes).
    Removing parser.o(i.nmea_parser_push), (50 bytes).
    Removing parser.o(i.nmea_parser_queue_clear), (22 bytes).
    Removing parser.o(i.nmea_parser_real_push), (536 bytes).
    Removing parser.o(i.nmea_parser_top), (12 bytes).
    Removing sentence.o(i.nmea_zero_GPGGA), (42 bytes).
    Removing sentence.o(i.nmea_zero_GPGSA), (22 bytes).
    Removing sentence.o(i.nmea_zero_GPGSV), (14 bytes).
    Removing sentence.o(i.nmea_zero_GPRMC), (40 bytes).
    Removing sentence.o(i.nmea_zero_GPVTG), (34 bytes).
    Removing time.o(i.nmea_time_now), (24 bytes).
    Removing tok.o(i.nmea_atof), (54 bytes).
    Removing tok.o(i.nmea_atoi), (50 bytes).
    Removing tok.o(i.nmea_calc_crc), (24 bytes).
    Removing tok.o(i.nmea_printf), (112 bytes).
    Removing tok.o(i.nmea_scanf), (538 bytes).
    Removing ffltui.o(.text), (10 bytes).
    Removing dfixi.o(.text), (62 bytes).
    Removing cdcmple.o(.text), (48 bytes).
    Removing fepilogue.o(.text), (110 bytes).
    Removing dscalb.o(.text), (46 bytes).
    Removing dsqrt.o(.text), (162 bytes).
    Removing dfltul.o(.text), (24 bytes).
    Removing d2f.o(.text), (56 bytes).

595 unused section(s) (total 35058 bytes) removed from the image.

==============================================================================

Image Symbol Table

    Local Symbols

    Symbol Name                              Value     Ov Type        Size  Object(Section)

    ../clib/microlib/ctype/ctype.c           0x00000000   Number         0  isblank_o.o ABSOLUTE
    ../clib/microlib/ctype/ctype.c           0x00000000   Number         0  isgraph_o.o ABSOLUTE
    ../clib/microlib/ctype/ctype.c           0x00000000   Number         0  iscntrl_o.o ABSOLUTE
    ../clib/microlib/ctype/ctype.c           0x00000000   Number         0  isdigit_o.o ABSOLUTE
    ../clib/microlib/ctype/ctype.c           0x00000000   Number         0  isalpha_o.o ABSOLUTE
    ../clib/microlib/ctype/ctype.c           0x00000000   Number         0  isalnum_o.o ABSOLUTE
    ../clib/microlib/ctype/ctype.c           0x00000000   Number         0  ctype_o.o ABSOLUTE
    ../clib/microlib/ctype/ctype.c           0x00000000   Number         0  isxdigit_o.o ABSOLUTE
    ../clib/microlib/ctype/ctype.c           0x00000000   Number         0  ctype_c.o ABSOLUTE
    ../clib/microlib/ctype/ctype.c           0x00000000   Number         0  isspace_o.o ABSOLUTE
    ../clib/microlib/ctype/ctype.c           0x00000000   Number         0  islower_o.o ABSOLUTE
    ../clib/microlib/ctype/ctype.c           0x00000000   Number         0  ispunct_o.o ABSOLUTE
    ../clib/microlib/ctype/ctype.c           0x00000000   Number         0  isprint_o.o ABSOLUTE
    ../clib/microlib/ctype/ctype.c           0x00000000   Number         0  isspace_c.o ABSOLUTE
    ../clib/microlib/ctype/ctype.c           0x00000000   Number         0  isupper_o.o ABSOLUTE
    ../clib/microlib/division.c              0x00000000   Number         0  uldiv.o ABSOLUTE
    ../clib/microlib/division.c              0x00000000   Number         0  uidiv.o ABSOLUTE
    ../clib/microlib/errno.c                 0x00000000   Number         0  errno.o ABSOLUTE
    ../clib/microlib/init/entry.s            0x00000000   Number         0  entry9a.o ABSOLUTE
    ../clib/microlib/init/entry.s            0x00000000   Number         0  entry8b.o ABSOLUTE
    ../clib/microlib/init/entry.s            0x00000000   Number         0  entry8a.o ABSOLUTE
    ../clib/microlib/init/entry.s            0x00000000   Number         0  entry7b.o ABSOLUTE
    ../clib/microlib/init/entry.s            0x00000000   Number         0  entry7a.o ABSOLUTE
    ../clib/microlib/init/entry.s            0x00000000   Number         0  entry5.o ABSOLUTE
    ../clib/microlib/init/entry.s            0x00000000   Number         0  entry11b.o ABSOLUTE
    ../clib/microlib/init/entry.s            0x00000000   Number         0  entry2.o ABSOLUTE
    ../clib/microlib/init/entry.s            0x00000000   Number         0  entry10b.o ABSOLUTE
    ../clib/microlib/init/entry.s            0x00000000   Number         0  entry10a.o ABSOLUTE
    ../clib/microlib/init/entry.s            0x00000000   Number         0  entry9b.o ABSOLUTE
    ../clib/microlib/init/entry.s            0x00000000   Number         0  entry.o ABSOLUTE
    ../clib/microlib/init/entry.s            0x00000000   Number         0  entry11a.o ABSOLUTE
    ../clib/microlib/longlong.c              0x00000000   Number         0  llshl.o ABSOLUTE
    ../clib/microlib/longlong.c              0x00000000   Number         0  llsshr.o ABSOLUTE
    ../clib/microlib/longlong.c              0x00000000   Number         0  llushr.o ABSOLUTE
    ../clib/microlib/malloc/malloc.c         0x00000000   Number         0  malloca.o ABSOLUTE
    ../clib/microlib/malloc/malloc.c         0x00000000   Number         0  mallocra.o ABSOLUTE
    ../clib/microlib/malloc/malloc.c         0x00000000   Number         0  mallocr.o ABSOLUTE
    ../clib/microlib/malloc/malloc.c         0x00000000   Number         0  malloc.o ABSOLUTE
    ../clib/microlib/malloc/mvars.c          0x00000000   Number         0  mvars.o ABSOLUTE
    ../clib/microlib/printf/printf.c         0x00000000   Number         0  printf1.o ABSOLUTE
    ../clib/microlib/printf/printf.c         0x00000000   Number         0  printf5.o ABSOLUTE
    ../clib/microlib/printf/printf.c         0x00000000   Number         0  printfb.o ABSOLUTE
    ../clib/microlib/printf/printf.c         0x00000000   Number         0  printf0.o ABSOLUTE
    ../clib/microlib/printf/printf.c         0x00000000   Number         0  printf4.o ABSOLUTE
    ../clib/microlib/printf/printf.c         0x00000000   Number         0  printf3.o ABSOLUTE
    ../clib/microlib/printf/printf.c         0x00000000   Number         0  printf2.o ABSOLUTE
    ../clib/microlib/printf/printf.c         0x00000000   Number         0  printfa.o ABSOLUTE
    ../clib/microlib/printf/printf.c         0x00000000   Number         0  printf8.o ABSOLUTE
    ../clib/microlib/printf/printf.c         0x00000000   Number         0  printf7.o ABSOLUTE
    ../clib/microlib/printf/printf.c         0x00000000   Number         0  printf6.o ABSOLUTE
    ../clib/microlib/printf/stubs.s          0x00000000   Number         0  stubs.o ABSOLUTE
    ../clib/microlib/stdio/fputc.c           0x00000000   Number         0  fputc.o ABSOLUTE
    ../clib/microlib/stdio/semi.s            0x00000000   Number         0  semi.o ABSOLUTE
    ../clib/microlib/stdio/streams.c         0x00000000   Number         0  stdout.o ABSOLUTE
    ../clib/microlib/stdlib/rand.c           0x00000000   Number         0  rand.o ABSOLUTE
    ../clib/microlib/string/memchr.c         0x00000000   Number         0  memchr.o ABSOLUTE
    ../clib/microlib/string/memcmp.c         0x00000000   Number         0  memcmp.o ABSOLUTE
    ../clib/microlib/string/memcpy.c         0x00000000   Number         0  memcpya.o ABSOLUTE
    ../clib/microlib/string/memcpy.c         0x00000000   Number         0  memcpyb.o ABSOLUTE
    ../clib/microlib/string/memset.c         0x00000000   Number         0  memseta.o ABSOLUTE
    ../clib/microlib/string/strlen.c         0x00000000   Number         0  strlen.o ABSOLUTE
    ../clib/microlib/stubs.s                 0x00000000   Number         0  iusesemip.o ABSOLUTE
    ../clib/microlib/stubs.s                 0x00000000   Number         0  iusefp.o ABSOLUTE
    ../clib/scanf.c                          0x00000000   Number         0  _chval.o ABSOLUTE
    ../clib/scanf.c                          0x00000000   Number         0  scanf_fp.o ABSOLUTE
    ../clib/scanf.c                          0x00000000   Number         0  _sgetc.o ABSOLUTE
    ../clib/scanf.c                          0x00000000   Number         0  strtol.o ABSOLUTE
    ../clib/scanf.c                          0x00000000   Number         0  _strtoul.o ABSOLUTE
    ../clib/scanf.c                          0x00000000   Number         0  strtod.o ABSOLUTE
    ../fplib/microlib/d2f.c                  0x00000000   Number         0  d2f.o ABSOLUTE
    ../fplib/microlib/fpadd.c                0x00000000   Number         0  dadd.o ABSOLUTE
    ../fplib/microlib/fpdiv.c                0x00000000   Number         0  ddiv.o ABSOLUTE
    ../fplib/microlib/fpepilogue.c           0x00000000   Number         0  fepilogue.o ABSOLUTE
    ../fplib/microlib/fpepilogue.c           0x00000000   Number         0  depilogue.o ABSOLUTE
    ../fplib/microlib/fpfix.c                0x00000000   Number         0  dfixui.o ABSOLUTE
    ../fplib/microlib/fpfix.c                0x00000000   Number         0  dfixi.o ABSOLUTE
    ../fplib/microlib/fpfix.c                0x00000000   Number         0  dfixul.o ABSOLUTE
    ../fplib/microlib/fpflt.c                0x00000000   Number         0  dfltul.o ABSOLUTE
    ../fplib/microlib/fpflt.c                0x00000000   Number         0  dfltui.o ABSOLUTE
    ../fplib/microlib/fpflt.c                0x00000000   Number         0  dflti.o ABSOLUTE
    ../fplib/microlib/fpflt.c                0x00000000   Number         0  ffltui.o ABSOLUTE
    ../fplib/microlib/fpmul.c                0x00000000   Number         0  dmul.o ABSOLUTE
    ../fplib/microlib/fpscalb.c              0x00000000   Number         0  dscalb.o ABSOLUTE
    ../fplib/microlib/fpsqrt.c               0x00000000   Number         0  dsqrt.o ABSOLUTE
    ../mathlib/acos.c                        0x00000000   Number         0  acos.o ABSOLUTE
    ../mathlib/acos.c                        0x00000000   Number         0  acos_x.o ABSOLUTE
    ../mathlib/asin.c                        0x00000000   Number         0  asin.o ABSOLUTE
    ../mathlib/asin.c                        0x00000000   Number         0  asin_x.o ABSOLUTE
    ../mathlib/atan.c                        0x00000000   Number         0  atan.o ABSOLUTE
    ../mathlib/atan.c                        0x00000000   Number         0  atan_x.o ABSOLUTE
    ../mathlib/atan2.c                       0x00000000   Number         0  atan2_x.o ABSOLUTE
    ../mathlib/atan2.c                       0x00000000   Number         0  atan2.o ABSOLUTE
    ../mathlib/ceil.c                        0x00000000   Number         0  ceil.o ABSOLUTE
    ../mathlib/cos.c                         0x00000000   Number         0  cos.o ABSOLUTE
    ../mathlib/cos.c                         0x00000000   Number         0  cos_x.o ABSOLUTE
    ../mathlib/cos_i.c                       0x00000000   Number         0  cos_i.o ABSOLUTE
    ../mathlib/dunder.c                      0x00000000   Number         0  dunder.o ABSOLUTE
    ../mathlib/fpclassify.c                  0x00000000   Number         0  fpclassify.o ABSOLUTE
    ../mathlib/modf.c                        0x00000000   Number         0  modf.o ABSOLUTE
    ../mathlib/poly.c                        0x00000000   Number         0  poly.o ABSOLUTE
    ../mathlib/pow.c                         0x00000000   Number         0  pow.o ABSOLUTE
    ../mathlib/pow.c                         0x00000000   Number         0  pow_x.o ABSOLUTE
    ../mathlib/qnan.c                        0x00000000   Number         0  qnan.o ABSOLUTE
    ../mathlib/rred.c                        0x00000000   Number         0  rred.o ABSOLUTE
    ../mathlib/sin.c                         0x00000000   Number         0  sin.o ABSOLUTE
    ../mathlib/sin.c                         0x00000000   Number         0  sin_x.o ABSOLUTE
    ../mathlib/sin_i.c                       0x00000000   Number         0  sin_i_x.o ABSOLUTE
    ../mathlib/sin_i.c                       0x00000000   Number         0  sin_i.o ABSOLUTE
    ../mathlib/sqrt.c                        0x00000000   Number         0  sqrt_x.o ABSOLUTE
    ../mathlib/sqrt.c                        0x00000000   Number         0  sqrt.o ABSOLUTE
    ../mathlib/strtod.c                      0x00000000   Number         0  strtod.o ABSOLUTE
    ../mathlib/tan.c                         0x00000000   Number         0  tan.o ABSOLUTE
    ../mathlib/tan.c                         0x00000000   Number         0  tan_x.o ABSOLUTE
    ../mathlib/tan_i.c                       0x00000000   Number         0  tan_i_x.o ABSOLUTE
    ../mathlib/tan_i.c                       0x00000000   Number         0  tan_i.o ABSOLUTE
    ..\..\APP\App_Beep.c                     0x00000000   Number         0  app_beep.o ABSOLUTE
    ..\..\APP\App_GPS.c                      0x00000000   Number         0  app_gps.o ABSOLUTE
    ..\..\APP\App_Light.c                    0x00000000   Number         0  app_light.o ABSOLUTE
    ..\..\APP\App_Message.c                  0x00000000   Number         0  app_message.o ABSOLUTE
    ..\..\APP\App_Motor.c                    0x00000000   Number         0  app_motor.o ABSOLUTE
    ..\..\APP\App_Protocol.c                 0x00000000   Number         0  app_protocol.o ABSOLUTE
    ..\..\APP\App_Sensor.c                   0x00000000   Number         0  app_sensor.o ABSOLUTE
    ..\..\APP\App_Steer.c                    0x00000000   Number         0  app_steer.o ABSOLUTE
    ..\..\APP\App_SysDelay.c                 0x00000000   Number         0  app_sysdelay.o ABSOLUTE
    ..\..\APP\main.c                         0x00000000   Number         0  main.o ABSOLUTE
    ..\..\APP\stm32f10x_it.c                 0x00000000   Number         0  stm32f10x_it.o ABSOLUTE
    ..\..\BSP\BSP_ADC.C                      0x00000000   Number         0  bsp_adc.o ABSOLUTE
    ..\..\BSP\BSP_GPS.c                      0x00000000   Number         0  bsp_gps.o ABSOLUTE
    ..\..\BSP\BSP_Gpio.c                     0x00000000   Number         0  bsp_gpio.o ABSOLUTE
    ..\..\BSP\BSP_Led.c                      0x00000000   Number         0  bsp_led.o ABSOLUTE
    ..\..\BSP\BSP_Pantilt.c                  0x00000000   Number         0  bsp_pantilt.o ABSOLUTE
    ..\..\BSP\BSP_Pwm.c                      0x00000000   Number         0  bsp_pwm.o ABSOLUTE
    ..\..\BSP\BSP_Systick.c                  0x00000000   Number         0  bsp_systick.o ABSOLUTE
    ..\..\BSP\BSP_Timer.c                    0x00000000   Number         0  bsp_timer.o ABSOLUTE
    ..\..\BSP\BSP_Uart.c                     0x00000000   Number         0  bsp_uart.o ABSOLUTE
    ..\..\Libraries\CMSIS\core_cm3.c         0x00000000   Number         0  core_cm3.o ABSOLUTE
    ..\..\Libraries\CMSIS\startup\startup_stm32f10x_hd.s 0x00000000   Number         0  startup_stm32f10x_hd.o ABSOLUTE
    ..\..\Libraries\CMSIS\system_stm32f10x.c 0x00000000   Number         0  system_stm32f10x.o ABSOLUTE
    ..\..\Libraries\FWlib\src\misc.c         0x00000000   Number         0  misc.o ABSOLUTE
    ..\..\Libraries\FWlib\src\stm32f10x_adc.c 0x00000000   Number         0  stm32f10x_adc.o ABSOLUTE
    ..\..\Libraries\FWlib\src\stm32f10x_bkp.c 0x00000000   Number         0  stm32f10x_bkp.o ABSOLUTE
    ..\..\Libraries\FWlib\src\stm32f10x_can.c 0x00000000   Number         0  stm32f10x_can.o ABSOLUTE
    ..\..\Libraries\FWlib\src\stm32f10x_cec.c 0x00000000   Number         0  stm32f10x_cec.o ABSOLUTE
    ..\..\Libraries\FWlib\src\stm32f10x_crc.c 0x00000000   Number         0  stm32f10x_crc.o ABSOLUTE
    ..\..\Libraries\FWlib\src\stm32f10x_dac.c 0x00000000   Number         0  stm32f10x_dac.o ABSOLUTE
    ..\..\Libraries\FWlib\src\stm32f10x_dbgmcu.c 0x00000000   Number         0  stm32f10x_dbgmcu.o ABSOLUTE
    ..\..\Libraries\FWlib\src\stm32f10x_dma.c 0x00000000   Number         0  stm32f10x_dma.o ABSOLUTE
    ..\..\Libraries\FWlib\src\stm32f10x_exti.c 0x00000000   Number         0  stm32f10x_exti.o ABSOLUTE
    ..\..\Libraries\FWlib\src\stm32f10x_flash.c 0x00000000   Number         0  stm32f10x_flash.o ABSOLUTE
    ..\..\Libraries\FWlib\src\stm32f10x_fsmc.c 0x00000000   Number         0  stm32f10x_fsmc.o ABSOLUTE
    ..\..\Libraries\FWlib\src\stm32f10x_gpio.c 0x00000000   Number         0  stm32f10x_gpio.o ABSOLUTE
    ..\..\Libraries\FWlib\src\stm32f10x_i2c.c 0x00000000   Number         0  stm32f10x_i2c.o ABSOLUTE
    ..\..\Libraries\FWlib\src\stm32f10x_iwdg.c 0x00000000   Number         0  stm32f10x_iwdg.o ABSOLUTE
    ..\..\Libraries\FWlib\src\stm32f10x_pwr.c 0x00000000   Number         0  stm32f10x_pwr.o ABSOLUTE
    ..\..\Libraries\FWlib\src\stm32f10x_rcc.c 0x00000000   Number         0  stm32f10x_rcc.o ABSOLUTE
    ..\..\Libraries\FWlib\src\stm32f10x_rtc.c 0x00000000   Number         0  stm32f10x_rtc.o ABSOLUTE
    ..\..\Libraries\FWlib\src\stm32f10x_sdio.c 0x00000000   Number         0  stm32f10x_sdio.o ABSOLUTE
    ..\..\Libraries\FWlib\src\stm32f10x_spi.c 0x00000000   Number         0  stm32f10x_spi.o ABSOLUTE
    ..\..\Libraries\FWlib\src\stm32f10x_tim.c 0x00000000   Number         0  stm32f10x_tim.o ABSOLUTE
    ..\..\Libraries\FWlib\src\stm32f10x_usart.c 0x00000000   Number         0  stm32f10x_usart.o ABSOLUTE
    ..\..\Libraries\FWlib\src\stm32f10x_wwdg.c 0x00000000   Number         0  stm32f10x_wwdg.o ABSOLUTE
    ..\..\nmea_decode\src\context.c          0x00000000   Number         0  context.o ABSOLUTE
    ..\..\nmea_decode\src\generate.c         0x00000000   Number         0  generate.o ABSOLUTE
    ..\..\nmea_decode\src\generator.c        0x00000000   Number         0  generator.o ABSOLUTE
    ..\..\nmea_decode\src\gmath.c            0x00000000   Number         0  gmath.o ABSOLUTE
    ..\..\nmea_decode\src\info.c             0x00000000   Number         0  info.o ABSOLUTE
    ..\..\nmea_decode\src\parse.c            0x00000000   Number         0  parse.o ABSOLUTE
    ..\..\nmea_decode\src\parser.c           0x00000000   Number         0  parser.o ABSOLUTE
    ..\..\nmea_decode\src\sentence.c         0x00000000   Number         0  sentence.o ABSOLUTE
    ..\..\nmea_decode\src\time.c             0x00000000   Number         0  time.o ABSOLUTE
    ..\..\nmea_decode\src\tok.c              0x00000000   Number         0  tok.o ABSOLUTE
    ..\\..\\Libraries\\CMSIS\\core_cm3.c     0x00000000   Number         0  core_cm3.o ABSOLUTE
    cdcmple.s                                0x00000000   Number         0  cdcmple.o ABSOLUTE
    cdrcmple.s                               0x00000000   Number         0  cdrcmple.o ABSOLUTE
    dc.s                                     0x00000000   Number         0  dc.o ABSOLUTE
    handlers.s                               0x00000000   Number         0  handlers.o ABSOLUTE
    init.s                                   0x00000000   Number         0  init.o ABSOLUTE
    RESET                                    0x08000000   Section      304  startup_stm32f10x_hd.o(RESET)
    .ARM.Collect$$$$00000000                 0x08000130   Section        0  entry.o(.ARM.Collect$$$$00000000)
    .ARM.Collect$$$$00000001                 0x08000130   Section        4  entry2.o(.ARM.Collect$$$$00000001)
    .ARM.Collect$$$$00000004                 0x08000134   Section        4  entry5.o(.ARM.Collect$$$$00000004)
    .ARM.Collect$$$$00000008                 0x08000138   Section        0  entry7b.o(.ARM.Collect$$$$00000008)
    .ARM.Collect$$$$0000000A                 0x08000138   Section        0  entry8b.o(.ARM.Collect$$$$0000000A)
    .ARM.Collect$$$$0000000B                 0x08000138   Section        8  entry9a.o(.ARM.Collect$$$$0000000B)
    .ARM.Collect$$$$0000000D                 0x08000140   Section        0  entry10a.o(.ARM.Collect$$$$0000000D)
    .ARM.Collect$$$$0000000F                 0x08000140   Section        0  entry11a.o(.ARM.Collect$$$$0000000F)
    .ARM.Collect$$$$00002712                 0x08000140   Section        4  entry2.o(.ARM.Collect$$$$00002712)
    __lit__00000000                          0x08000140   Data           4  entry2.o(.ARM.Collect$$$$00002712)
    .text                                    0x08000144   Section       36  startup_stm32f10x_hd.o(.text)
    .text                                    0x08000168   Section        0  memcpya.o(.text)
    .text                                    0x0800018c   Section        0  dadd.o(.text)
    .text                                    0x080002da   Section        0  dmul.o(.text)
    .text                                    0x080003be   Section        0  ddiv.o(.text)
    .text                                    0x0800049c   Section        0  dflti.o(.text)
    .text                                    0x080004be   Section        0  dfltui.o(.text)
    .text                                    0x080004d8   Section        0  dfixui.o(.text)
    .text                                    0x0800050c   Section       48  cdrcmple.o(.text)
    .text                                    0x0800053c   Section        0  uidiv.o(.text)
    .text                                    0x08000568   Section        0  uldiv.o(.text)
    .text                                    0x080005ca   Section        0  llshl.o(.text)
    .text                                    0x080005e8   Section        0  llushr.o(.text)
    .text                                    0x08000608   Section        0  llsshr.o(.text)
    .text                                    0x0800062c   Section        0  iusefp.o(.text)
    .text                                    0x0800062c   Section        0  depilogue.o(.text)
    .text                                    0x080006e6   Section        0  dfixul.o(.text)
    .text                                    0x08000718   Section       36  init.o(.text)
    .text                                    0x0800073c   Section        0  iusesemip.o(.text)
    .text                                    0x0800073c   Section        0  semi.o(.text)
    i.Assemble_Message_Length                0x0800073c   Section        0  app_protocol.o(i.Assemble_Message_Length)
    Assemble_Message_Length                  0x0800073d   Thumb Code    12  app_protocol.o(i.Assemble_Message_Length)
    i.BusFault_Handler                       0x08000748   Section        0  stm32f10x_it.o(i.BusFault_Handler)
    i.CalPWMDutyCycle                        0x0800074c   Section        0  app_motor.o(i.CalPWMDutyCycle)
    CalPWMDutyCycle                          0x0800074d   Thumb Code    62  app_motor.o(i.CalPWMDutyCycle)
    i.Control_1stLight                       0x08000798   Section        0  app_light.o(i.Control_1stLight)
    Control_1stLight                         0x08000799   Thumb Code    30  app_light.o(i.Control_1stLight)
    i.Control_2ndLight                       0x080007b6   Section        0  app_light.o(i.Control_2ndLight)
    Control_2ndLight                         0x080007b7   Thumb Code     2  app_light.o(i.Control_2ndLight)
    i.Crc16                                  0x080007b8   Section        0  bsp_uart.o(i.Crc16)
    i.DMA1_Channel3_IRQHandler               0x080007f0   Section        0  stm32f10x_it.o(i.DMA1_Channel3_IRQHandler)
    i.DMA1_Channel4_IRQHandler               0x080007f8   Section        0  stm32f10x_it.o(i.DMA1_Channel4_IRQHandler)
    i.DMA1_DATA_Trans_Task_OFF               0x08000800   Section        0  bsp_uart.o(i.DMA1_DATA_Trans_Task_OFF)
    i.DMA_ClearFlag                          0x0800080c   Section        0  stm32f10x_dma.o(i.DMA_ClearFlag)
    i.DMA_Cmd                                0x08000828   Section        0  stm32f10x_dma.o(i.DMA_Cmd)
    i.DMA_DeInit                             0x08000840   Section        0  stm32f10x_dma.o(i.DMA_DeInit)
    i.DMA_GetITStatus                        0x0800098c   Section        0  stm32f10x_dma.o(i.DMA_GetITStatus)
    i.DMA_ITConfig                           0x080009b8   Section        0  stm32f10x_dma.o(i.DMA_ITConfig)
    i.DMA_Init                               0x080009ca   Section        0  stm32f10x_dma.o(i.DMA_Init)
    i.DMA_Uart1_Init                         0x08000a08   Section        0  bsp_uart.o(i.DMA_Uart1_Init)
    i.DebugMon_Handler                       0x08000aa0   Section        0  stm32f10x_it.o(i.DebugMon_Handler)
    i.GPIO_Init                              0x08000aa2   Section        0  stm32f10x_gpio.o(i.GPIO_Init)
    i.GPIO_ResetBits                         0x08000bb8   Section        0  stm32f10x_gpio.o(i.GPIO_ResetBits)
    i.GPIO_SetBits                           0x08000bbc   Section        0  stm32f10x_gpio.o(i.GPIO_SetBits)
    i.GPS_ProcessDMAIRQ                      0x08000bc0   Section        0  bsp_gps.o(i.GPS_ProcessDMAIRQ)
    i.HardFault_Handler                      0x08000bfc   Section        0  stm32f10x_it.o(i.HardFault_Handler)
    i.MemManage_Handler                      0x08000c20   Section        0  stm32f10x_it.o(i.MemManage_Handler)
    i.NMI_Handler                            0x08000c24   Section        0  stm32f10x_it.o(i.NMI_Handler)
    i.NVIC_Init                              0x08000c28   Section        0  misc.o(i.NVIC_Init)
    i.NVIC_PriorityGroupConfig               0x08000c98   Section        0  misc.o(i.NVIC_PriorityGroupConfig)
    i.PendSV_Handler                         0x08000cac   Section        0  stm32f10x_it.o(i.PendSV_Handler)
    i.Process_Robort_Beep_Cmd                0x08000cae   Section        0  app_protocol.o(i.Process_Robort_Beep_Cmd)
    Process_Robort_Beep_Cmd                  0x08000caf   Thumb Code    34  app_protocol.o(i.Process_Robort_Beep_Cmd)
    i.Process_Robort_Direction_Cmd           0x08000cd0   Section        0  app_protocol.o(i.Process_Robort_Direction_Cmd)
    Process_Robort_Direction_Cmd             0x08000cd1   Thumb Code   112  app_protocol.o(i.Process_Robort_Direction_Cmd)
    i.Process_Robort_Light_Cmd               0x08000d40   Section        0  app_protocol.o(i.Process_Robort_Light_Cmd)
    Process_Robort_Light_Cmd                 0x08000d41   Thumb Code    98  app_protocol.o(i.Process_Robort_Light_Cmd)
    i.Process_Robort_Speed_Cmd               0x08000da2   Section        0  app_protocol.o(i.Process_Robort_Speed_Cmd)
    Process_Robort_Speed_Cmd                 0x08000da3   Thumb Code    80  app_protocol.o(i.Process_Robort_Speed_Cmd)
    i.Process_Robort_Steer_Cmd               0x08000df2   Section        0  app_protocol.o(i.Process_Robort_Steer_Cmd)
    Process_Robort_Steer_Cmd                 0x08000df3   Thumb Code   176  app_protocol.o(i.Process_Robort_Steer_Cmd)
    i.Protocol_Parser                        0x08000ea2   Section        0  app_protocol.o(i.Protocol_Parser)
    i.RCC_AHBPeriphClockCmd                  0x08000f20   Section        0  stm32f10x_rcc.o(i.RCC_AHBPeriphClockCmd)
    i.RCC_APB1PeriphClockCmd                 0x08000f40   Section        0  stm32f10x_rcc.o(i.RCC_APB1PeriphClockCmd)
    i.RCC_APB1PeriphResetCmd                 0x08000f60   Section        0  stm32f10x_rcc.o(i.RCC_APB1PeriphResetCmd)
    i.RCC_APB2PeriphClockCmd                 0x08000f80   Section        0  stm32f10x_rcc.o(i.RCC_APB2PeriphClockCmd)
    i.RCC_APB2PeriphResetCmd                 0x08000fa0   Section        0  stm32f10x_rcc.o(i.RCC_APB2PeriphResetCmd)
    i.RCC_GetClocksFreq                      0x08000fc0   Section        0  stm32f10x_rcc.o(i.RCC_GetClocksFreq)
    i.Resolve_Message_Data                   0x08001094   Section        0  app_protocol.o(i.Resolve_Message_Data)
    Resolve_Message_Data                     0x08001095   Thumb Code    36  app_protocol.o(i.Resolve_Message_Data)
    i.Resource_Release                       0x080010b8   Section        0  main.o(i.Resource_Release)
    Resource_Release                         0x080010b9   Thumb Code    12  main.o(i.Resource_Release)
    i.Robort_Adress_Veritfy                  0x080010c8   Section        0  app_protocol.o(i.Robort_Adress_Veritfy)
    Robort_Adress_Veritfy                    0x080010c9   Thumb Code    14  app_protocol.o(i.Robort_Adress_Veritfy)
    i.Robort_Beep_Control                    0x080010d6   Section        0  app_beep.o(i.Robort_Beep_Control)
    i.Robort_Beep_Init                       0x080010f4   Section        0  app_beep.o(i.Robort_Beep_Init)
    i.Robort_Delay_Init                      0x0800110e   Section        0  app_sysdelay.o(i.Robort_Delay_Init)
    i.Robort_Direction_Control               0x08001118   Section        0  app_motor.o(i.Robort_Direction_Control)
    i.Robort_Light_Control                   0x080012b8   Section        0  app_light.o(i.Robort_Light_Control)
    i.Robort_Light_Init                      0x080012dc   Section        0  app_light.o(i.Robort_Light_Init)
    i.Robort_Motor_Init                      0x080012f6   Section        0  app_motor.o(i.Robort_Motor_Init)
    i.Robort_Receive_Frame                   0x0800138c   Section        0  app_message.o(i.Robort_Receive_Frame)
    i.Robort_Speed_Control                   0x080013a8   Section        0  app_motor.o(i.Robort_Speed_Control)
    i.Robort_Steer_Control                   0x080013d4   Section        0  app_steer.o(i.Robort_Steer_Control)
    i.Robort_Steer_Init                      0x08001446   Section        0  app_steer.o(i.Robort_Steer_Init)
    i.Robort_Uart_Init                       0x0800149a   Section        0  app_message.o(i.Robort_Uart_Init)
    i.STM32_GPIO_ConfgPin                    0x080014a4   Section        0  bsp_gpio.o(i.STM32_GPIO_ConfgPin)
    i.STM32_GPIO_SetPin                      0x0800164c   Section        0  bsp_gpio.o(i.STM32_GPIO_SetPin)
    i.STM32_TIMER2_PWMControl                0x08001740   Section        0  bsp_pwm.o(i.STM32_TIMER2_PWMControl)
    i.STM32_TIMER3_PWMControl                0x080017c0   Section        0  bsp_pwm.o(i.STM32_TIMER3_PWMControl)
    i.STM32_TIMER4_PWMControl                0x0800183c   Section        0  bsp_pwm.o(i.STM32_TIMER4_PWMControl)
    i.STM32_UART_Init                        0x080018b8   Section        0  bsp_uart.o(i.STM32_UART_Init)
    i.STM32_UART_Read                        0x080018c8   Section        0  bsp_uart.o(i.STM32_UART_Read)
    i.SVC_Handler                            0x08001984   Section        0  stm32f10x_it.o(i.SVC_Handler)
    i.SetSysClock                            0x08001986   Section        0  system_stm32f10x.o(i.SetSysClock)
    SetSysClock                              0x08001987   Thumb Code     8  system_stm32f10x.o(i.SetSysClock)
    i.SetSysClockTo72                        0x08001990   Section        0  system_stm32f10x.o(i.SetSysClockTo72)
    SetSysClockTo72                          0x08001991   Thumb Code   214  system_stm32f10x.o(i.SetSysClockTo72)
    i.Set_Motor_Direction                    0x08001a70   Section        0  app_motor.o(i.Set_Motor_Direction)
    Set_Motor_Direction                      0x08001a71   Thumb Code   160  app_motor.o(i.Set_Motor_Direction)
    i.Set_Motor_Speed                        0x08001b18   Section        0  app_motor.o(i.Set_Motor_Speed)
    Set_Motor_Speed                          0x08001b19   Thumb Code   122  app_motor.o(i.Set_Motor_Speed)
    i.SteerEightControl                      0x08001b9c   Section        0  app_steer.o(i.SteerEightControl)
    SteerEightControl                        0x08001b9d   Thumb Code    28  app_steer.o(i.SteerEightControl)
    i.SteerFiveControl                       0x08001bb8   Section        0  app_steer.o(i.SteerFiveControl)
    SteerFiveControl                         0x08001bb9   Thumb Code    28  app_steer.o(i.SteerFiveControl)
    i.SteerFourControl                       0x08001bd4   Section        0  app_steer.o(i.SteerFourControl)
    SteerFourControl                         0x08001bd5   Thumb Code    28  app_steer.o(i.SteerFourControl)
    i.SteerOneControl                        0x08001bf0   Section        0  app_steer.o(i.SteerOneControl)
    SteerOneControl                          0x08001bf1   Thumb Code    28  app_steer.o(i.SteerOneControl)
    i.SteerSevenControl                      0x08001c0c   Section        0  app_steer.o(i.SteerSevenControl)
    SteerSevenControl                        0x08001c0d   Thumb Code    28  app_steer.o(i.SteerSevenControl)
    i.SteerSixControl                        0x08001c28   Section        0  app_steer.o(i.SteerSixControl)
    SteerSixControl                          0x08001c29   Thumb Code    28  app_steer.o(i.SteerSixControl)
    i.SteerThreeControl                      0x08001c44   Section        0  app_steer.o(i.SteerThreeControl)
    SteerThreeControl                        0x08001c45   Thumb Code    28  app_steer.o(i.SteerThreeControl)
    i.SteerTwoControl                        0x08001c60   Section        0  app_steer.o(i.SteerTwoControl)
    SteerTwoControl                          0x08001c61   Thumb Code    28  app_steer.o(i.SteerTwoControl)
    i.SysTick_CLKSourceConfig                0x08001c7c   Section        0  misc.o(i.SysTick_CLKSourceConfig)
    i.SysTick_Handler                        0x08001ca4   Section        0  stm32f10x_it.o(i.SysTick_Handler)
    i.SystemInit                             0x08001ca8   Section        0  system_stm32f10x.o(i.SystemInit)
    i.TIM1_UP_IRQHandler                     0x08001d08   Section        0  bsp_timer.o(i.TIM1_UP_IRQHandler)
    i.TIM2_PWM_Init                          0x08001db0   Section        0  bsp_pwm.o(i.TIM2_PWM_Init)
    i.TIM3_PWM_Init                          0x08001ea0   Section        0  bsp_pwm.o(i.TIM3_PWM_Init)
    i.TIM4_PWM_Init                          0x08001fb0   Section        0  bsp_pwm.o(i.TIM4_PWM_Init)
    i.TIM_ARRPreloadConfig                   0x0800209c   Section        0  stm32f10x_tim.o(i.TIM_ARRPreloadConfig)
    i.TIM_ClearITPendingBit                  0x080020b4   Section        0  stm32f10x_tim.o(i.TIM_ClearITPendingBit)
    i.TIM_Cmd                                0x080020ba   Section        0  stm32f10x_tim.o(i.TIM_Cmd)
    i.TIM_CtrlPWMOutputs                     0x080020d2   Section        0  stm32f10x_tim.o(i.TIM_CtrlPWMOutputs)
    i.TIM_OC1Init                            0x080020f0   Section        0  stm32f10x_tim.o(i.TIM_OC1Init)
    i.TIM_OC1PreloadConfig                   0x08002188   Section        0  stm32f10x_tim.o(i.TIM_OC1PreloadConfig)
    i.TIM_OC2Init                            0x0800219c   Section        0  stm32f10x_tim.o(i.TIM_OC2Init)
    i.TIM_OC2PreloadConfig                   0x08002240   Section        0  stm32f10x_tim.o(i.TIM_OC2PreloadConfig)
    i.TIM_OC3Init                            0x0800225c   Section        0  stm32f10x_tim.o(i.TIM_OC3Init)
    i.TIM_OC3PreloadConfig                   0x080022fc   Section        0  stm32f10x_tim.o(i.TIM_OC3PreloadConfig)
    i.TIM_OC4Init                            0x08002310   Section        0  stm32f10x_tim.o(i.TIM_OC4Init)
    i.TIM_OC4PreloadConfig                   0x0800238c   Section        0  stm32f10x_tim.o(i.TIM_OC4PreloadConfig)
    i.TIM_SetCompare1                        0x080023a6   Section        0  stm32f10x_tim.o(i.TIM_SetCompare1)
    i.TIM_SetCompare2                        0x080023aa   Section        0  stm32f10x_tim.o(i.TIM_SetCompare2)
    i.TIM_SetCompare3                        0x080023ae   Section        0  stm32f10x_tim.o(i.TIM_SetCompare3)
    i.TIM_SetCompare4                        0x080023b2   Section        0  stm32f10x_tim.o(i.TIM_SetCompare4)
    i.TIM_TimeBaseInit                       0x080023b8   Section        0  stm32f10x_tim.o(i.TIM_TimeBaseInit)
    i.UART1_Init                             0x0800245c   Section        0  bsp_uart.o(i.UART1_Init)
    i.USART1_IRQHandler                      0x08002504   Section        0  bsp_uart.o(i.USART1_IRQHandler)
    i.USART_Cmd                              0x08002668   Section        0  stm32f10x_usart.o(i.USART_Cmd)
    i.USART_DMACmd                           0x08002680   Section        0  stm32f10x_usart.o(i.USART_DMACmd)
    i.USART_DeInit                           0x08002694   Section        0  stm32f10x_usart.o(i.USART_DeInit)
    i.USART_GetITStatus                      0x08002730   Section        0  stm32f10x_usart.o(i.USART_GetITStatus)
    i.USART_ITConfig                         0x08002784   Section        0  stm32f10x_usart.o(i.USART_ITConfig)
    i.USART_Init                             0x080027d0   Section        0  stm32f10x_usart.o(i.USART_Init)
    i.USART_ReceiveData                      0x080028a8   Section        0  stm32f10x_usart.o(i.USART_ReceiveData)
    i.Upload_ProcessDMAIRQ                   0x080028b2   Section        0  bsp_uart.o(i.Upload_ProcessDMAIRQ)
    i.UsageFault_Handler                     0x080028cc   Section        0  stm32f10x_it.o(i.UsageFault_Handler)
    i.__0printf                              0x080028d0   Section        0  printfa.o(i.__0printf)
    i.__scatterload_copy                     0x080028f0   Section       14  handlers.o(i.__scatterload_copy)
    i.__scatterload_null                     0x080028fe   Section        2  handlers.o(i.__scatterload_null)
    i.__scatterload_zeroinit                 0x08002900   Section       14  handlers.o(i.__scatterload_zeroinit)
    i._fp_digits                             0x08002910   Section        0  printfa.o(i._fp_digits)
    _fp_digits                               0x08002911   Thumb Code   334  printfa.o(i._fp_digits)
    i._printf_core                           0x08002a74   Section        0  printfa.o(i._printf_core)
    _printf_core                             0x08002a75   Thumb Code  1744  printfa.o(i._printf_core)
    i._printf_post_padding                   0x08003150   Section        0  printfa.o(i._printf_post_padding)
    _printf_post_padding                     0x08003151   Thumb Code    36  printfa.o(i._printf_post_padding)
    i._printf_pre_padding                    0x08003174   Section        0  printfa.o(i._printf_pre_padding)
    _printf_pre_padding                      0x08003175   Thumb Code    46  printfa.o(i._printf_pre_padding)
    i.calDutyCycle                           0x080031a4   Section        0  app_steer.o(i.calDutyCycle)
    calDutyCycle                             0x080031a5   Thumb Code    52  app_steer.o(i.calDutyCycle)
    i.delay_init                             0x080031e0   Section        0  bsp_systick.o(i.delay_init)
    i.fputc                                  0x08003224   Section        0  fputc.o(i.fputc)
    i.free                                   0x08003238   Section        0  malloc.o(i.free)
    i.main                                   0x08003288   Section        0  main.o(i.main)
    i.malloc                                 0x080032bc   Section        0  malloc.o(i.malloc)
    .data                                    0x20000000   Section       20  system_stm32f10x.o(.data)
    .data                                    0x20000014   Section       20  stm32f10x_rcc.o(.data)
    APBAHBPrescTable                         0x20000014   Data          16  stm32f10x_rcc.o(.data)
    ADCPrescTable                            0x20000024   Data           4  stm32f10x_rcc.o(.data)
    .data                                    0x20000028   Section        8  app_motor.o(.data)
    gRobortSpeed_L                           0x20000028   Data           1  app_motor.o(.data)
    gRobortSpeed_R                           0x20000029   Data           1  app_motor.o(.data)
    gFlagSpeedRset                           0x2000002a   Data           1  app_motor.o(.data)
    gRobortSysSpeed                          0x2000002b   Data           1  app_motor.o(.data)
    preMotorNo                               0x2000002c   Data           1  app_motor.o(.data)
    preDir                                   0x2000002d   Data           1  app_motor.o(.data)
    preMotorNo                               0x2000002e   Data           1  app_motor.o(.data)
    preSpeed                                 0x2000002f   Data           1  app_motor.o(.data)
    .data                                    0x20000030   Section        9  bsp_timer.o(.data)
    Task_10ms                                0x20000030   Data           4  bsp_timer.o(.data)
    .data                                    0x2000003c   Section       12  bsp_systick.o(.data)
    fac_us                                   0x2000003c   Data           1  bsp_systick.o(.data)
    fac_ms                                   0x20000040   Data           4  bsp_systick.o(.data)
    fac_systic                               0x20000044   Data           4  bsp_systick.o(.data)
    .data                                    0x20000048   Section       11  bsp_uart.o(.data)
    .data                                    0x20000053   Section        2  bsp_gps.o(.data)
    .data                                    0x20000058   Section        4  stdout.o(.data)
    .data                                    0x2000005c   Section        4  mvars.o(.data)
    .data                                    0x20000060   Section        4  mvars.o(.data)
    .bss                                     0x20000064   Section       16  main.o(.bss)
    .bss                                     0x20000074   Section      150  bsp_uart.o(.bss)
    HEAP                                     0x20000110   Section     4096  startup_stm32f10x_hd.o(HEAP)
    STACK                                    0x20001110   Section     1024  startup_stm32f10x_hd.o(STACK)

    Global Symbols

    Symbol Name                              Value     Ov Type        Size  Object(Section)

    BuildAttributes$$THM_ISAv4$P$D$K$B$S$PE$A:L22UL41UL21$X:L11$S22US41US21$IEEE1$IW$USESV6$~STKCKD$USESV7$~SHL$OTIME$ROPI$IEEEX$EBA8$MICROLIB$REQ8$PRES8$EABIv2 0x00000000   Number         0  anon$$obj.o ABSOLUTE
    __ARM_use_no_argv                        0x00000000   Number         0  main.o ABSOLUTE
    _printf_a                                0x00000000   Number         0  stubs.o ABSOLUTE
    _printf_c                                0x00000000   Number         0  stubs.o ABSOLUTE
    _printf_charcount                        0x00000000   Number         0  stubs.o ABSOLUTE
    _printf_d                                0x00000000   Number         0  stubs.o ABSOLUTE
    _printf_e                                0x00000000   Number         0  stubs.o ABSOLUTE
    _printf_f                                0x00000000   Number         0  stubs.o ABSOLUTE
    _printf_flags                            0x00000000   Number         0  stubs.o ABSOLUTE
    _printf_fp_dec                           0x00000000   Number         0  stubs.o ABSOLUTE
    _printf_fp_hex                           0x00000000   Number         0  stubs.o ABSOLUTE
    _printf_g                                0x00000000   Number         0  stubs.o ABSOLUTE
    _printf_i                                0x00000000   Number         0  stubs.o ABSOLUTE
    _printf_int_dec                          0x00000000   Number         0  stubs.o ABSOLUTE
    _printf_l                                0x00000000   Number         0  stubs.o ABSOLUTE
    _printf_lc                               0x00000000   Number         0  stubs.o ABSOLUTE
    _printf_ll                               0x00000000   Number         0  stubs.o ABSOLUTE
    _printf_lld                              0x00000000   Number         0  stubs.o ABSOLUTE
    _printf_lli                              0x00000000   Number         0  stubs.o ABSOLUTE
    _printf_llo                              0x00000000   Number         0  stubs.o ABSOLUTE
    _printf_llu                              0x00000000   Number         0  stubs.o ABSOLUTE
    _printf_llx                              0x00000000   Number         0  stubs.o ABSOLUTE
    _printf_longlong_dec                     0x00000000   Number         0  stubs.o ABSOLUTE
    _printf_longlong_hex                     0x00000000   Number         0  stubs.o ABSOLUTE
    _printf_longlong_oct                     0x00000000   Number         0  stubs.o ABSOLUTE
    _printf_ls                               0x00000000   Number         0  stubs.o ABSOLUTE
    _printf_mbtowc                           0x00000000   Number         0  stubs.o ABSOLUTE
    _printf_n                                0x00000000   Number         0  stubs.o ABSOLUTE
    _printf_o                                0x00000000   Number         0  stubs.o ABSOLUTE
    _printf_p                                0x00000000   Number         0  stubs.o ABSOLUTE
    _printf_percent                          0x00000000   Number         0  stubs.o ABSOLUTE
    _printf_pre_padding                      0x00000000   Number         0  stubs.o ABSOLUTE
    _printf_return_value                     0x00000000   Number         0  stubs.o ABSOLUTE
    _printf_s                                0x00000000   Number         0  stubs.o ABSOLUTE
    _printf_sizespec                         0x00000000   Number         0  stubs.o ABSOLUTE
    _printf_str                              0x00000000   Number         0  stubs.o ABSOLUTE
    _printf_truncate_signed                  0x00000000   Number         0  stubs.o ABSOLUTE
    _printf_truncate_unsigned                0x00000000   Number         0  stubs.o ABSOLUTE
    _printf_u                                0x00000000   Number         0  stubs.o ABSOLUTE
    _printf_wc                               0x00000000   Number         0  stubs.o ABSOLUTE
    _printf_wctomb                           0x00000000   Number         0  stubs.o ABSOLUTE
    _printf_widthprec                        0x00000000   Number         0  stubs.o ABSOLUTE
    _printf_x                                0x00000000   Number         0  stubs.o ABSOLUTE
    __cpp_initialize__aeabi_                  - Undefined Weak Reference
    __cxa_finalize                            - Undefined Weak Reference
    __decompress                              - Undefined Weak Reference
    _clock_init                               - Undefined Weak Reference
    _microlib_exit                            - Undefined Weak Reference
    __Vectors_Size                           0x00000130   Number         0  startup_stm32f10x_hd.o ABSOLUTE
    __Vectors                                0x08000000   Data           4  startup_stm32f10x_hd.o(RESET)
    __Vectors_End                            0x08000130   Data           0  startup_stm32f10x_hd.o(RESET)
    __main                                   0x08000131   Thumb Code     0  entry.o(.ARM.Collect$$$$00000000)
    _main_stk                                0x08000131   Thumb Code     0  entry2.o(.ARM.Collect$$$$00000001)
    _main_scatterload                        0x08000135   Thumb Code     0  entry5.o(.ARM.Collect$$$$00000004)
    __main_after_scatterload                 0x08000139   Thumb Code     0  entry5.o(.ARM.Collect$$$$00000004)
    _main_clock                              0x08000139   Thumb Code     0  entry7b.o(.ARM.Collect$$$$00000008)
    _main_cpp_init                           0x08000139   Thumb Code     0  entry8b.o(.ARM.Collect$$$$0000000A)
    _main_init                               0x08000139   Thumb Code     0  entry9a.o(.ARM.Collect$$$$0000000B)
    __rt_final_cpp                           0x08000141   Thumb Code     0  entry10a.o(.ARM.Collect$$$$0000000D)
    __rt_final_exit                          0x08000141   Thumb Code     0  entry11a.o(.ARM.Collect$$$$0000000F)
    Reset_Handler                            0x08000145   Thumb Code     8  startup_stm32f10x_hd.o(.text)
    ADC1_2_IRQHandler                        0x0800015f   Thumb Code     0  startup_stm32f10x_hd.o(.text)
    ADC3_IRQHandler                          0x0800015f   Thumb Code     0  startup_stm32f10x_hd.o(.text)
    CAN1_RX1_IRQHandler                      0x0800015f   Thumb Code     0  startup_stm32f10x_hd.o(.text)
    CAN1_SCE_IRQHandler                      0x0800015f   Thumb Code     0  startup_stm32f10x_hd.o(.text)
    DMA1_Channel1_IRQHandler                 0x0800015f   Thumb Code     0  startup_stm32f10x_hd.o(.text)
    DMA1_Channel2_IRQHandler                 0x0800015f   Thumb Code     0  startup_stm32f10x_hd.o(.text)
    DMA1_Channel5_IRQHandler                 0x0800015f   Thumb Code     0  startup_stm32f10x_hd.o(.text)
    DMA1_Channel6_IRQHandler                 0x0800015f   Thumb Code     0  startup_stm32f10x_hd.o(.text)
    DMA1_Channel7_IRQHandler                 0x0800015f   Thumb Code     0  startup_stm32f10x_hd.o(.text)
    DMA2_Channel1_IRQHandler                 0x0800015f   Thumb Code     0  startup_stm32f10x_hd.o(.text)
    DMA2_Channel2_IRQHandler                 0x0800015f   Thumb Code     0  startup_stm32f10x_hd.o(.text)
    DMA2_Channel3_IRQHandler                 0x0800015f   Thumb Code     0  startup_stm32f10x_hd.o(.text)
    DMA2_Channel4_5_IRQHandler               0x0800015f   Thumb Code     0  startup_stm32f10x_hd.o(.text)
    EXTI0_IRQHandler                         0x0800015f   Thumb Code     0  startup_stm32f10x_hd.o(.text)
    EXTI15_10_IRQHandler                     0x0800015f   Thumb Code     0  startup_stm32f10x_hd.o(.text)
    EXTI1_IRQHandler                         0x0800015f   Thumb Code     0  startup_stm32f10x_hd.o(.text)
    EXTI2_IRQHandler                         0x0800015f   Thumb Code     0  startup_stm32f10x_hd.o(.text)
    EXTI3_IRQHandler                         0x0800015f   Thumb Code     0  startup_stm32f10x_hd.o(.text)
    EXTI4_IRQHandler                         0x0800015f   Thumb Code     0  startup_stm32f10x_hd.o(.text)
    EXTI9_5_IRQHandler                       0x0800015f   Thumb Code     0  startup_stm32f10x_hd.o(.text)
    FLASH_IRQHandler                         0x0800015f   Thumb Code     0  startup_stm32f10x_hd.o(.text)
    FSMC_IRQHandler                          0x0800015f   Thumb Code     0  startup_stm32f10x_hd.o(.text)
    I2C1_ER_IRQHandler                       0x0800015f   Thumb Code     0  startup_stm32f10x_hd.o(.text)
    I2C1_EV_IRQHandler                       0x0800015f   Thumb Code     0  startup_stm32f10x_hd.o(.text)
    I2C2_ER_IRQHandler                       0x0800015f   Thumb Code     0  startup_stm32f10x_hd.o(.text)
    I2C2_EV_IRQHandler                       0x0800015f   Thumb Code     0  startup_stm32f10x_hd.o(.text)
    PVD_IRQHandler                           0x0800015f   Thumb Code     0  startup_stm32f10x_hd.o(.text)
    RCC_IRQHandler                           0x0800015f   Thumb Code     0  startup_stm32f10x_hd.o(.text)
    RTCAlarm_IRQHandler                      0x0800015f   Thumb Code     0  startup_stm32f10x_hd.o(.text)
    RTC_IRQHandler                           0x0800015f   Thumb Code     0  startup_stm32f10x_hd.o(.text)
    SDIO_IRQHandler                          0x0800015f   Thumb Code     0  startup_stm32f10x_hd.o(.text)
    SPI1_IRQHandler                          0x0800015f   Thumb Code     0  startup_stm32f10x_hd.o(.text)
    SPI2_IRQHandler                          0x0800015f   Thumb Code     0  startup_stm32f10x_hd.o(.text)
    SPI3_IRQHandler                          0x0800015f   Thumb Code     0  startup_stm32f10x_hd.o(.text)
    TAMPER_IRQHandler                        0x0800015f   Thumb Code     0  startup_stm32f10x_hd.o(.text)
    TIM1_BRK_IRQHandler                      0x0800015f   Thumb Code     0  startup_stm32f10x_hd.o(.text)
    TIM1_CC_IRQHandler                       0x0800015f   Thumb Code     0  startup_stm32f10x_hd.o(.text)
    TIM1_TRG_COM_IRQHandler                  0x0800015f   Thumb Code     0  startup_stm32f10x_hd.o(.text)
    TIM2_IRQHandler                          0x0800015f   Thumb Code     0  startup_stm32f10x_hd.o(.text)
    TIM3_IRQHandler                          0x0800015f   Thumb Code     0  startup_stm32f10x_hd.o(.text)
    TIM4_IRQHandler                          0x0800015f   Thumb Code     0  startup_stm32f10x_hd.o(.text)
    TIM5_IRQHandler                          0x0800015f   Thumb Code     0  startup_stm32f10x_hd.o(.text)
    TIM6_IRQHandler                          0x0800015f   Thumb Code     0  startup_stm32f10x_hd.o(.text)
    TIM7_IRQHandler                          0x0800015f   Thumb Code     0  startup_stm32f10x_hd.o(.text)
    TIM8_BRK_IRQHandler                      0x0800015f   Thumb Code     0  startup_stm32f10x_hd.o(.text)
    TIM8_CC_IRQHandler                       0x0800015f   Thumb Code     0  startup_stm32f10x_hd.o(.text)
    TIM8_TRG_COM_IRQHandler                  0x0800015f   Thumb Code     0  startup_stm32f10x_hd.o(.text)
    TIM8_UP_IRQHandler                       0x0800015f   Thumb Code     0  startup_stm32f10x_hd.o(.text)
    UART4_IRQHandler                         0x0800015f   Thumb Code     0  startup_stm32f10x_hd.o(.text)
    UART5_IRQHandler                         0x0800015f   Thumb Code     0  startup_stm32f10x_hd.o(.text)
    USART2_IRQHandler                        0x0800015f   Thumb Code     0  startup_stm32f10x_hd.o(.text)
    USART3_IRQHandler                        0x0800015f   Thumb Code     0  startup_stm32f10x_hd.o(.text)
    USBWakeUp_IRQHandler                     0x0800015f   Thumb Code     0  startup_stm32f10x_hd.o(.text)
    USB_HP_CAN1_TX_IRQHandler                0x0800015f   Thumb Code     0  startup_stm32f10x_hd.o(.text)
    USB_LP_CAN1_RX0_IRQHandler               0x0800015f   Thumb Code     0  startup_stm32f10x_hd.o(.text)
    WWDG_IRQHandler                          0x0800015f   Thumb Code     0  startup_stm32f10x_hd.o(.text)
    __aeabi_memcpy                           0x08000169   Thumb Code    36  memcpya.o(.text)
    __aeabi_memcpy4                          0x08000169   Thumb Code     0  memcpya.o(.text)
    __aeabi_memcpy8                          0x08000169   Thumb Code     0  memcpya.o(.text)
    __aeabi_dadd                             0x0800018d   Thumb Code   322  dadd.o(.text)
    __aeabi_dsub                             0x080002cf   Thumb Code     6  dadd.o(.text)
    __aeabi_drsub                            0x080002d5   Thumb Code     6  dadd.o(.text)
    __aeabi_dmul                             0x080002db   Thumb Code   228  dmul.o(.text)
    __aeabi_ddiv                             0x080003bf   Thumb Code   222  ddiv.o(.text)
    __aeabi_i2d                              0x0800049d   Thumb Code    34  dflti.o(.text)
    __aeabi_ui2d                             0x080004bf   Thumb Code    26  dfltui.o(.text)
    __aeabi_d2uiz                            0x080004d9   Thumb Code    50  dfixui.o(.text)
    __aeabi_cdrcmple                         0x0800050d   Thumb Code    48  cdrcmple.o(.text)
    __aeabi_uidiv                            0x0800053d   Thumb Code     0  uidiv.o(.text)
    __aeabi_uidivmod                         0x0800053d   Thumb Code    44  uidiv.o(.text)
    __aeabi_uldivmod                         0x08000569   Thumb Code    98  uldiv.o(.text)
    __aeabi_llsl                             0x080005cb   Thumb Code    30  llshl.o(.text)
    _ll_shift_l                              0x080005cb   Thumb Code     0  llshl.o(.text)
    __aeabi_llsr                             0x080005e9   Thumb Code    32  llushr.o(.text)
    _ll_ushift_r                             0x080005e9   Thumb Code     0  llushr.o(.text)
    __aeabi_lasr                             0x08000609   Thumb Code    36  llsshr.o(.text)
    _ll_sshift_r                             0x08000609   Thumb Code     0  llsshr.o(.text)
    __I$use$fp                               0x0800062d   Thumb Code     0  iusefp.o(.text)
    _double_round                            0x0800062d   Thumb Code    30  depilogue.o(.text)
    _double_epilogue                         0x0800064b   Thumb Code   156  depilogue.o(.text)
    __aeabi_d2ulz                            0x080006e7   Thumb Code    48  dfixul.o(.text)
    __scatterload                            0x08000719   Thumb Code    28  init.o(.text)
    __scatterload_rt2                        0x08000719   Thumb Code     0  init.o(.text)
    __I$use$semihosting$fputc                0x0800073d   Thumb Code     0  iusesemip.o(.text)
    __semihosting_library_function           0x0800073d   Thumb Code     0  semi.o(.text)
    BusFault_Handler                         0x08000749   Thumb Code     4  stm32f10x_it.o(i.BusFault_Handler)
    Crc16                                    0x080007b9   Thumb Code    56  bsp_uart.o(i.Crc16)
    DMA1_Channel3_IRQHandler                 0x080007f1   Thumb Code     8  stm32f10x_it.o(i.DMA1_Channel3_IRQHandler)
    DMA1_Channel4_IRQHandler                 0x080007f9   Thumb Code     8  stm32f10x_it.o(i.DMA1_Channel4_IRQHandler)
    DMA1_DATA_Trans_Task_OFF                 0x08000801   Thumb Code     8  bsp_uart.o(i.DMA1_DATA_Trans_Task_OFF)
    DMA_ClearFlag                            0x0800080d   Thumb Code    18  stm32f10x_dma.o(i.DMA_ClearFlag)
    DMA_Cmd                                  0x08000829   Thumb Code    24  stm32f10x_dma.o(i.DMA_Cmd)
    DMA_DeInit                               0x08000841   Thumb Code   324  stm32f10x_dma.o(i.DMA_DeInit)
    DMA_GetITStatus                          0x0800098d   Thumb Code    36  stm32f10x_dma.o(i.DMA_GetITStatus)
    DMA_ITConfig                             0x080009b9   Thumb Code    18  stm32f10x_dma.o(i.DMA_ITConfig)
    DMA_Init                                 0x080009cb   Thumb Code    60  stm32f10x_dma.o(i.DMA_Init)
    DMA_Uart1_Init                           0x08000a09   Thumb Code   140  bsp_uart.o(i.DMA_Uart1_Init)
    DebugMon_Handler                         0x08000aa1   Thumb Code     2  stm32f10x_it.o(i.DebugMon_Handler)
    GPIO_Init                                0x08000aa3   Thumb Code   278  stm32f10x_gpio.o(i.GPIO_Init)
    GPIO_ResetBits                           0x08000bb9   Thumb Code     4  stm32f10x_gpio.o(i.GPIO_ResetBits)
    GPIO_SetBits                             0x08000bbd   Thumb Code     4  stm32f10x_gpio.o(i.GPIO_SetBits)
    GPS_ProcessDMAIRQ                        0x08000bc1   Thumb Code    50  bsp_gps.o(i.GPS_ProcessDMAIRQ)
    HardFault_Handler                        0x08000bfd   Thumb Code    10  stm32f10x_it.o(i.HardFault_Handler)
    MemManage_Handler                        0x08000c21   Thumb Code     4  stm32f10x_it.o(i.MemManage_Handler)
    NMI_Handler                              0x08000c25   Thumb Code     2  stm32f10x_it.o(i.NMI_Handler)
    NVIC_Init                                0x08000c29   Thumb Code   100  misc.o(i.NVIC_Init)
    NVIC_PriorityGroupConfig                 0x08000c99   Thumb Code    10  misc.o(i.NVIC_PriorityGroupConfig)
    PendSV_Handler                           0x08000cad   Thumb Code     2  stm32f10x_it.o(i.PendSV_Handler)
    Protocol_Parser                          0x08000ea3   Thumb Code   126  app_protocol.o(i.Protocol_Parser)
    RCC_AHBPeriphClockCmd                    0x08000f21   Thumb Code    26  stm32f10x_rcc.o(i.RCC_AHBPeriphClockCmd)
    RCC_APB1PeriphClockCmd                   0x08000f41   Thumb Code    26  stm32f10x_rcc.o(i.RCC_APB1PeriphClockCmd)
    RCC_APB1PeriphResetCmd                   0x08000f61   Thumb Code    26  stm32f10x_rcc.o(i.RCC_APB1PeriphResetCmd)
    RCC_APB2PeriphClockCmd                   0x08000f81   Thumb Code    26  stm32f10x_rcc.o(i.RCC_APB2PeriphClockCmd)
    RCC_APB2PeriphResetCmd                   0x08000fa1   Thumb Code    26  stm32f10x_rcc.o(i.RCC_APB2PeriphResetCmd)
    RCC_GetClocksFreq                        0x08000fc1   Thumb Code   192  stm32f10x_rcc.o(i.RCC_GetClocksFreq)
    Robort_Beep_Control                      0x080010d7   Thumb Code    30  app_beep.o(i.Robort_Beep_Control)
    Robort_Beep_Init                         0x080010f5   Thumb Code    26  app_beep.o(i.Robort_Beep_Init)
    Robort_Delay_Init                        0x0800110f   Thumb Code     8  app_sysdelay.o(i.Robort_Delay_Init)
    Robort_Direction_Control                 0x08001119   Thumb Code   400  app_motor.o(i.Robort_Direction_Control)
    Robort_Light_Control                     0x080012b9   Thumb Code    36  app_light.o(i.Robort_Light_Control)
    Robort_Light_Init                        0x080012dd   Thumb Code    26  app_light.o(i.Robort_Light_Init)
    Robort_Motor_Init                        0x080012f7   Thumb Code   150  app_motor.o(i.Robort_Motor_Init)
    Robort_Receive_Frame                     0x0800138d   Thumb Code    28  app_message.o(i.Robort_Receive_Frame)
    Robort_Speed_Control                     0x080013a9   Thumb Code    32  app_motor.o(i.Robort_Speed_Control)
    Robort_Steer_Control                     0x080013d5   Thumb Code   114  app_steer.o(i.Robort_Steer_Control)
    Robort_Steer_Init                        0x08001447   Thumb Code    84  app_steer.o(i.Robort_Steer_Init)
    Robort_Uart_Init                         0x0800149b   Thumb Code     8  app_message.o(i.Robort_Uart_Init)
    STM32_GPIO_ConfgPin                      0x080014a5   Thumb Code   396  bsp_gpio.o(i.STM32_GPIO_ConfgPin)
    STM32_GPIO_SetPin                        0x0800164d   Thumb Code   216  bsp_gpio.o(i.STM32_GPIO_SetPin)
    STM32_TIMER2_PWMControl                  0x08001741   Thumb Code   128  bsp_pwm.o(i.STM32_TIMER2_PWMControl)
    STM32_TIMER3_PWMControl                  0x080017c1   Thumb Code   118  bsp_pwm.o(i.STM32_TIMER3_PWMControl)
    STM32_TIMER4_PWMControl                  0x0800183d   Thumb Code   118  bsp_pwm.o(i.STM32_TIMER4_PWMControl)
    STM32_UART_Init                          0x080018b9   Thumb Code    16  bsp_uart.o(i.STM32_UART_Init)
    STM32_UART_Read                          0x080018c9   Thumb Code   180  bsp_uart.o(i.STM32_UART_Read)
    SVC_Handler                              0x08001985   Thumb Code     2  stm32f10x_it.o(i.SVC_Handler)
    SysTick_CLKSourceConfig                  0x08001c7d   Thumb Code    40  misc.o(i.SysTick_CLKSourceConfig)
    SysTick_Handler                          0x08001ca5   Thumb Code     2  stm32f10x_it.o(i.SysTick_Handler)
    SystemInit                               0x08001ca9   Thumb Code    78  system_stm32f10x.o(i.SystemInit)
    TIM1_UP_IRQHandler                       0x08001d09   Thumb Code   140  bsp_timer.o(i.TIM1_UP_IRQHandler)
    TIM2_PWM_Init                            0x08001db1   Thumb Code   234  bsp_pwm.o(i.TIM2_PWM_Init)
    TIM3_PWM_Init                            0x08001ea1   Thumb Code   258  bsp_pwm.o(i.TIM3_PWM_Init)
    TIM4_PWM_Init                            0x08001fb1   Thumb Code   226  bsp_pwm.o(i.TIM4_PWM_Init)
    TIM_ARRPreloadConfig                     0x0800209d   Thumb Code    24  stm32f10x_tim.o(i.TIM_ARRPreloadConfig)
    TIM_ClearITPendingBit                    0x080020b5   Thumb Code     6  stm32f10x_tim.o(i.TIM_ClearITPendingBit)
    TIM_Cmd                                  0x080020bb   Thumb Code    24  stm32f10x_tim.o(i.TIM_Cmd)
    TIM_CtrlPWMOutputs                       0x080020d3   Thumb Code    30  stm32f10x_tim.o(i.TIM_CtrlPWMOutputs)
    TIM_OC1Init                              0x080020f1   Thumb Code   132  stm32f10x_tim.o(i.TIM_OC1Init)
    TIM_OC1PreloadConfig                     0x08002189   Thumb Code    18  stm32f10x_tim.o(i.TIM_OC1PreloadConfig)
    TIM_OC2Init                              0x0800219d   Thumb Code   154  stm32f10x_tim.o(i.TIM_OC2Init)
    TIM_OC2PreloadConfig                     0x08002241   Thumb Code    26  stm32f10x_tim.o(i.TIM_OC2PreloadConfig)
    TIM_OC3Init                              0x0800225d   Thumb Code   150  stm32f10x_tim.o(i.TIM_OC3Init)
    TIM_OC3PreloadConfig                     0x080022fd   Thumb Code    18  stm32f10x_tim.o(i.TIM_OC3PreloadConfig)
    TIM_OC4Init                              0x08002311   Thumb Code   114  stm32f10x_tim.o(i.TIM_OC4Init)
    TIM_OC4PreloadConfig                     0x0800238d   Thumb Code    26  stm32f10x_tim.o(i.TIM_OC4PreloadConfig)
    TIM_SetCompare1                          0x080023a7   Thumb Code     4  stm32f10x_tim.o(i.TIM_SetCompare1)
    TIM_SetCompare2                          0x080023ab   Thumb Code     4  stm32f10x_tim.o(i.TIM_SetCompare2)
    TIM_SetCompare3                          0x080023af   Thumb Code     4  stm32f10x_tim.o(i.TIM_SetCompare3)
    TIM_SetCompare4                          0x080023b3   Thumb Code     6  stm32f10x_tim.o(i.TIM_SetCompare4)
    TIM_TimeBaseInit                         0x080023b9   Thumb Code   122  stm32f10x_tim.o(i.TIM_TimeBaseInit)
    UART1_Init                               0x0800245d   Thumb Code   158  bsp_uart.o(i.UART1_Init)
    USART1_IRQHandler                        0x08002505   Thumb Code   314  bsp_uart.o(i.USART1_IRQHandler)
    USART_Cmd                                0x08002669   Thumb Code    24  stm32f10x_usart.o(i.USART_Cmd)
    USART_DMACmd                             0x08002681   Thumb Code    18  stm32f10x_usart.o(i.USART_DMACmd)
    USART_DeInit                             0x08002695   Thumb Code   134  stm32f10x_usart.o(i.USART_DeInit)
    USART_GetITStatus                        0x08002731   Thumb Code    84  stm32f10x_usart.o(i.USART_GetITStatus)
    USART_ITConfig                           0x08002785   Thumb Code    74  stm32f10x_usart.o(i.USART_ITConfig)
    USART_Init                               0x080027d1   Thumb Code   210  stm32f10x_usart.o(i.USART_Init)
    USART_ReceiveData                        0x080028a9   Thumb Code    10  stm32f10x_usart.o(i.USART_ReceiveData)
    Upload_ProcessDMAIRQ                     0x080028b3   Thumb Code    26  bsp_uart.o(i.Upload_ProcessDMAIRQ)
    UsageFault_Handler                       0x080028cd   Thumb Code     4  stm32f10x_it.o(i.UsageFault_Handler)
    __0printf                                0x080028d1   Thumb Code    22  printfa.o(i.__0printf)
    __1printf                                0x080028d1   Thumb Code     0  printfa.o(i.__0printf)
    __2printf                                0x080028d1   Thumb Code     0  printfa.o(i.__0printf)
    __c89printf                              0x080028d1   Thumb Code     0  printfa.o(i.__0printf)
    printf                                   0x080028d1   Thumb Code     0  printfa.o(i.__0printf)
    __scatterload_copy                       0x080028f1   Thumb Code    14  handlers.o(i.__scatterload_copy)
    __scatterload_null                       0x080028ff   Thumb Code     2  handlers.o(i.__scatterload_null)
    __scatterload_zeroinit                   0x08002901   Thumb Code    14  handlers.o(i.__scatterload_zeroinit)
    delay_init                               0x080031e1   Thumb Code    46  bsp_systick.o(i.delay_init)
    fputc                                    0x08003225   Thumb Code    18  fputc.o(i.fputc)
    free                                     0x08003239   Thumb Code    76  malloc.o(i.free)
    main                                     0x08003289   Thumb Code    46  main.o(i.main)
    malloc                                   0x080032bd   Thumb Code    92  malloc.o(i.malloc)
    Region$$Table$$Base                      0x08003328   Number         0  anon$$obj.o(Region$$Table)
    Region$$Table$$Limit                     0x08003348   Number         0  anon$$obj.o(Region$$Table)
    SystemCoreClock                          0x20000000   Data           4  system_stm32f10x.o(.data)
    AHBPrescTable                            0x20000004   Data          16  system_stm32f10x.o(.data)
    Task_20ms                                0x20000034   Data           1  bsp_timer.o(.data)
    Task_50ms                                0x20000035   Data           1  bsp_timer.o(.data)
    Task_100ms                               0x20000036   Data           1  bsp_timer.o(.data)
    Task_500ms                               0x20000037   Data           1  bsp_timer.o(.data)
    Task_1s                                  0x20000038   Data           1  bsp_timer.o(.data)
    Task_Uart1_Rx                            0x20000048   Data           1  bsp_uart.o(.data)
    Tx_Ptr                                   0x20000049   Data           1  bsp_uart.o(.data)
    Rx_Ptr                                   0x2000004a   Data           1  bsp_uart.o(.data)
    Tx_Tail                                  0x2000004b   Data           1  bsp_uart.o(.data)
    Rx_Tail                                  0x2000004c   Data           1  bsp_uart.o(.data)
    Rx_Step                                  0x2000004d   Data           1  bsp_uart.o(.data)
    Tx_Count                                 0x2000004e   Data           1  bsp_uart.o(.data)
    Rx_Count                                 0x2000004f   Data           1  bsp_uart.o(.data)
    Temp                                     0x20000050   Data           1  bsp_uart.o(.data)
    i                                        0x20000051   Data           1  bsp_uart.o(.data)
    DMA1_Uart_Status                         0x20000052   Data           1  bsp_uart.o(.data)
    GPS_TransferEnd                          0x20000053   Data           1  bsp_gps.o(.data)
    GPS_HalfTransferEnd                      0x20000054   Data           1  bsp_gps.o(.data)
    __stdout                                 0x20000058   Data           4  stdout.o(.data)
    __microlib_freelist                      0x2000005c   Data           4  mvars.o(.data)
    __microlib_freelist_initialised          0x20000060   Data           4  mvars.o(.data)
    g_ProtocolData                           0x20000064   Data          16  main.o(.bss)
    Tx_Buffer                                0x20000074   Data          50  bsp_uart.o(.bss)
    Rx_Buffer                                0x200000a6   Data          50  bsp_uart.o(.bss)
    Rx_Process_Buffer                        0x200000d8   Data          50  bsp_uart.o(.bss)
    __heap_base                              0x20000110   Data           0  startup_stm32f10x_hd.o(HEAP)
    __heap_limit                             0x20001110   Data           0  startup_stm32f10x_hd.o(HEAP)
    __initial_sp                             0x20001510   Data           0  startup_stm32f10x_hd.o(STACK)



==============================================================================

Memory Map of the image

  Image Entry point : 0x08000131

  Load Region LR_IROM1 (Base: 0x08000000, Size: 0x000033ac, Max: 0x00020000, ABSOLUTE)

    Execution Region ER_IROM1 (Base: 0x08000000, Size: 0x00003348, Max: 0x00020000, ABSOLUTE)

    Base Addr    Size         Type   Attr      Idx    E Section Name        Object

    0x08000000   0x00000130   Data   RO            3    RESET               startup_stm32f10x_hd.o
    0x08000130   0x00000000   Code   RO         4860  * .ARM.Collect$$$$00000000  mc_w.l(entry.o)
    0x08000130   0x00000004   Code   RO         5256    .ARM.Collect$$$$00000001  mc_w.l(entry2.o)
    0x08000134   0x00000004   Code   RO         5259    .ARM.Collect$$$$00000004  mc_w.l(entry5.o)
    0x08000138   0x00000000   Code   RO         5261    .ARM.Collect$$$$00000008  mc_w.l(entry7b.o)
    0x08000138   0x00000000   Code   RO         5263    .ARM.Collect$$$$0000000A  mc_w.l(entry8b.o)
    0x08000138   0x00000008   Code   RO         5264    .ARM.Collect$$$$0000000B  mc_w.l(entry9a.o)
    0x08000140   0x00000000   Code   RO         5266    .ARM.Collect$$$$0000000D  mc_w.l(entry10a.o)
    0x08000140   0x00000000   Code   RO         5268    .ARM.Collect$$$$0000000F  mc_w.l(entry11a.o)
    0x08000140   0x00000004   Code   RO         5257    .ARM.Collect$$$$00002712  mc_w.l(entry2.o)
    0x08000144   0x00000024   Code   RO            4    .text               startup_stm32f10x_hd.o
    0x08000168   0x00000024   Code   RO         4894    .text               mc_w.l(memcpya.o)
    0x0800018c   0x0000014e   Code   RO         5197    .text               mf_w.l(dadd.o)
    0x080002da   0x000000e4   Code   RO         5199    .text               mf_w.l(dmul.o)
    0x080003be   0x000000de   Code   RO         5201    .text               mf_w.l(ddiv.o)
    0x0800049c   0x00000022   Code   RO         5205    .text               mf_w.l(dflti.o)
    0x080004be   0x0000001a   Code   RO         5207    .text               mf_w.l(dfltui.o)
    0x080004d8   0x00000032   Code   RO         5211    .text               mf_w.l(dfixui.o)
    0x0800050a   0x00000002   PAD
    0x0800050c   0x00000030   Code   RO         5215    .text               mf_w.l(cdrcmple.o)
    0x0800053c   0x0000002c   Code   RO         5273    .text               mc_w.l(uidiv.o)
    0x08000568   0x00000062   Code   RO         5275    .text               mc_w.l(uldiv.o)
    0x080005ca   0x0000001e   Code   RO         5277    .text               mc_w.l(llshl.o)
    0x080005e8   0x00000020   Code   RO         5279    .text               mc_w.l(llushr.o)
    0x08000608   0x00000024   Code   RO         5281    .text               mc_w.l(llsshr.o)
    0x0800062c   0x00000000   Code   RO         5296    .text               mc_w.l(iusefp.o)
    0x0800062c   0x000000ba   Code   RO         5299    .text               mf_w.l(depilogue.o)
    0x080006e6   0x00000030   Code   RO         5305    .text               mf_w.l(dfixul.o)
    0x08000716   0x00000002   PAD
    0x08000718   0x00000024   Code   RO         5307    .text               mc_w.l(init.o)
    0x0800073c   0x00000000   Code   RO         5309    .text               mc_w.l(semi.o)
    0x0800073c   0x00000000   Code   RO         5320    .text               mc_w.l(iusesemip.o)
    0x0800073c   0x0000000c   Code   RO         3519    i.Assemble_Message_Length  app_protocol.o
    0x08000748   0x00000004   Code   RO         3263    i.BusFault_Handler  stm32f10x_it.o
    0x0800074c   0x0000004c   Code   RO         3478    i.CalPWMDutyCycle   app_motor.o
    0x08000798   0x0000001e   Code   RO         3423    i.Control_1stLight  app_light.o
    0x080007b6   0x00000002   Code   RO         3424    i.Control_2ndLight  app_light.o
    0x080007b8   0x00000038   Code   RO         3792    i.Crc16             bsp_uart.o
    0x080007f0   0x00000008   Code   RO         3264    i.DMA1_Channel3_IRQHandler  stm32f10x_it.o
    0x080007f8   0x00000008   Code   RO         3265    i.DMA1_Channel4_IRQHandler  stm32f10x_it.o
    0x08000800   0x0000000c   Code   RO         3793    i.DMA1_DATA_Trans_Task_OFF  bsp_uart.o
    0x0800080c   0x0000001c   Code   RO          836    i.DMA_ClearFlag     stm32f10x_dma.o
    0x08000828   0x00000018   Code   RO          838    i.DMA_Cmd           stm32f10x_dma.o
    0x08000840   0x0000014c   Code   RO          839    i.DMA_DeInit        stm32f10x_dma.o
    0x0800098c   0x0000002c   Code   RO          842    i.DMA_GetITStatus   stm32f10x_dma.o
    0x080009b8   0x00000012   Code   RO          843    i.DMA_ITConfig      stm32f10x_dma.o
    0x080009ca   0x0000003c   Code   RO          844    i.DMA_Init          stm32f10x_dma.o
    0x08000a06   0x00000002   PAD
    0x08000a08   0x00000098   Code   RO         3796    i.DMA_Uart1_Init    bsp_uart.o
    0x08000aa0   0x00000002   Code   RO         3266    i.DebugMon_Handler  stm32f10x_it.o
    0x08000aa2   0x00000116   Code   RO         1271    i.GPIO_Init         stm32f10x_gpio.o
    0x08000bb8   0x00000004   Code   RO         1278    i.GPIO_ResetBits    stm32f10x_gpio.o
    0x08000bbc   0x00000004   Code   RO         1279    i.GPIO_SetBits      stm32f10x_gpio.o
    0x08000bc0   0x0000003c   Code   RO         4007    i.GPS_ProcessDMAIRQ  bsp_gps.o
    0x08000bfc   0x00000024   Code   RO         3267    i.HardFault_Handler  stm32f10x_it.o
    0x08000c20   0x00000004   Code   RO         3268    i.MemManage_Handler  stm32f10x_it.o
    0x08000c24   0x00000002   Code   RO         3269    i.NMI_Handler       stm32f10x_it.o
    0x08000c26   0x00000002   PAD
    0x08000c28   0x00000070   Code   RO           89    i.NVIC_Init         misc.o
    0x08000c98   0x00000014   Code   RO           90    i.NVIC_PriorityGroupConfig  misc.o
    0x08000cac   0x00000002   Code   RO         3270    i.PendSV_Handler    stm32f10x_it.o
    0x08000cae   0x00000022   Code   RO         3520    i.Process_Robort_Beep_Cmd  app_protocol.o
    0x08000cd0   0x00000070   Code   RO         3521    i.Process_Robort_Direction_Cmd  app_protocol.o
    0x08000d40   0x00000062   Code   RO         3522    i.Process_Robort_Light_Cmd  app_protocol.o
    0x08000da2   0x00000050   Code   RO         3523    i.Process_Robort_Speed_Cmd  app_protocol.o
    0x08000df2   0x000000b0   Code   RO         3524    i.Process_Robort_Steer_Cmd  app_protocol.o
    0x08000ea2   0x0000007e   Code   RO         3525    i.Protocol_Parser   app_protocol.o
    0x08000f20   0x00000020   Code   RO         1695    i.RCC_AHBPeriphClockCmd  stm32f10x_rcc.o
    0x08000f40   0x00000020   Code   RO         1696    i.RCC_APB1PeriphClockCmd  stm32f10x_rcc.o
    0x08000f60   0x00000020   Code   RO         1697    i.RCC_APB1PeriphResetCmd  stm32f10x_rcc.o
    0x08000f80   0x00000020   Code   RO         1698    i.RCC_APB2PeriphClockCmd  stm32f10x_rcc.o
    0x08000fa0   0x00000020   Code   RO         1699    i.RCC_APB2PeriphResetCmd  stm32f10x_rcc.o
    0x08000fc0   0x000000d4   Code   RO         1706    i.RCC_GetClocksFreq  stm32f10x_rcc.o
    0x08001094   0x00000024   Code   RO         3526    i.Resolve_Message_Data  app_protocol.o
    0x080010b8   0x00000010   Code   RO         3108    i.Resource_Release  main.o
    0x080010c8   0x0000000e   Code   RO         3527    i.Robort_Adress_Veritfy  app_protocol.o
    0x080010d6   0x0000001e   Code   RO         3405    i.Robort_Beep_Control  app_beep.o
    0x080010f4   0x0000001a   Code   RO         3406    i.Robort_Beep_Init  app_beep.o
    0x0800110e   0x00000008   Code   RO         3664    i.Robort_Delay_Init  app_sysdelay.o
    0x08001116   0x00000002   PAD
    0x08001118   0x000001a0   Code   RO         3479    i.Robort_Direction_Control  app_motor.o
    0x080012b8   0x00000024   Code   RO         3425    i.Robort_Light_Control  app_light.o
    0x080012dc   0x0000001a   Code   RO         3426    i.Robort_Light_Init  app_light.o
    0x080012f6   0x00000096   Code   RO         3480    i.Robort_Motor_Init  app_motor.o
    0x0800138c   0x0000001c   Code   RO         3451    i.Robort_Receive_Frame  app_message.o
    0x080013a8   0x0000002c   Code   RO         3481    i.Robort_Speed_Control  app_motor.o
    0x080013d4   0x00000072   Code   RO         3342    i.Robort_Steer_Control  app_steer.o
    0x08001446   0x00000054   Code   RO         3343    i.Robort_Steer_Init  app_steer.o
    0x0800149a   0x00000008   Code   RO         3453    i.Robort_Uart_Init  app_message.o
    0x080014a2   0x00000002   PAD
    0x080014a4   0x000001a8   Code   RO         3986    i.STM32_GPIO_ConfgPin  bsp_gpio.o
    0x0800164c   0x000000f4   Code   RO         3987    i.STM32_GPIO_SetPin  bsp_gpio.o
    0x08001740   0x00000080   Code   RO         3889    i.STM32_TIMER2_PWMControl  bsp_pwm.o
    0x080017c0   0x0000007c   Code   RO         3890    i.STM32_TIMER3_PWMControl  bsp_pwm.o
    0x0800183c   0x0000007c   Code   RO         3891    i.STM32_TIMER4_PWMControl  bsp_pwm.o
    0x080018b8   0x00000010   Code   RO         3798    i.STM32_UART_Init   bsp_uart.o
    0x080018c8   0x000000bc   Code   RO         3799    i.STM32_UART_Read   bsp_uart.o
    0x08001984   0x00000002   Code   RO         3271    i.SVC_Handler       stm32f10x_it.o
    0x08001986   0x00000008   Code   RO           24    i.SetSysClock       system_stm32f10x.o
    0x0800198e   0x00000002   PAD
    0x08001990   0x000000e0   Code   RO           25    i.SetSysClockTo72   system_stm32f10x.o
    0x08001a70   0x000000a8   Code   RO         3482    i.Set_Motor_Direction  app_motor.o
    0x08001b18   0x00000084   Code   RO         3483    i.Set_Motor_Speed   app_motor.o
    0x08001b9c   0x0000001c   Code   RO         3344    i.SteerEightControl  app_steer.o
    0x08001bb8   0x0000001c   Code   RO         3345    i.SteerFiveControl  app_steer.o
    0x08001bd4   0x0000001c   Code   RO         3346    i.SteerFourControl  app_steer.o
    0x08001bf0   0x0000001c   Code   RO         3347    i.SteerOneControl   app_steer.o
    0x08001c0c   0x0000001c   Code   RO         3348    i.SteerSevenControl  app_steer.o
    0x08001c28   0x0000001c   Code   RO         3349    i.SteerSixControl   app_steer.o
    0x08001c44   0x0000001c   Code   RO         3350    i.SteerThreeControl  app_steer.o
    0x08001c60   0x0000001c   Code   RO         3351    i.SteerTwoControl   app_steer.o
    0x08001c7c   0x00000028   Code   RO           93    i.SysTick_CLKSourceConfig  misc.o
    0x08001ca4   0x00000002   Code   RO         3272    i.SysTick_Handler   stm32f10x_it.o
    0x08001ca6   0x00000002   PAD
    0x08001ca8   0x00000060   Code   RO           27    i.SystemInit        system_stm32f10x.o
    0x08001d08   0x000000a8   Code   RO         3691    i.TIM1_UP_IRQHandler  bsp_timer.o
    0x08001db0   0x000000f0   Code   RO         3892    i.TIM2_PWM_Init     bsp_pwm.o
    0x08001ea0   0x00000110   Code   RO         3893    i.TIM3_PWM_Init     bsp_pwm.o
    0x08001fb0   0x000000ec   Code   RO         3894    i.TIM4_PWM_Init     bsp_pwm.o
    0x0800209c   0x00000018   Code   RO         2327    i.TIM_ARRPreloadConfig  stm32f10x_tim.o
    0x080020b4   0x00000006   Code   RO         2334    i.TIM_ClearITPendingBit  stm32f10x_tim.o
    0x080020ba   0x00000018   Code   RO         2339    i.TIM_Cmd           stm32f10x_tim.o
    0x080020d2   0x0000001e   Code   RO         2341    i.TIM_CtrlPWMOutputs  stm32f10x_tim.o
    0x080020f0   0x00000098   Code   RO         2368    i.TIM_OC1Init       stm32f10x_tim.o
    0x08002188   0x00000012   Code   RO         2371    i.TIM_OC1PreloadConfig  stm32f10x_tim.o
    0x0800219a   0x00000002   PAD
    0x0800219c   0x000000a4   Code   RO         2373    i.TIM_OC2Init       stm32f10x_tim.o
    0x08002240   0x0000001a   Code   RO         2376    i.TIM_OC2PreloadConfig  stm32f10x_tim.o
    0x0800225a   0x00000002   PAD
    0x0800225c   0x000000a0   Code   RO         2378    i.TIM_OC3Init       stm32f10x_tim.o
    0x080022fc   0x00000012   Code   RO         2381    i.TIM_OC3PreloadConfig  stm32f10x_tim.o
    0x0800230e   0x00000002   PAD
    0x08002310   0x0000007c   Code   RO         2383    i.TIM_OC4Init       stm32f10x_tim.o
    0x0800238c   0x0000001a   Code   RO         2385    i.TIM_OC4PreloadConfig  stm32f10x_tim.o
    0x080023a6   0x00000004   Code   RO         2400    i.TIM_SetCompare1   stm32f10x_tim.o
    0x080023aa   0x00000004   Code   RO         2401    i.TIM_SetCompare2   stm32f10x_tim.o
    0x080023ae   0x00000004   Code   RO         2402    i.TIM_SetCompare3   stm32f10x_tim.o
    0x080023b2   0x00000006   Code   RO         2403    i.TIM_SetCompare4   stm32f10x_tim.o
    0x080023b8   0x000000a4   Code   RO         2410    i.TIM_TimeBaseInit  stm32f10x_tim.o
    0x0800245c   0x000000a8   Code   RO         3801    i.UART1_Init        bsp_uart.o
    0x08002504   0x00000164   Code   RO         3804    i.USART1_IRQHandler  bsp_uart.o
    0x08002668   0x00000018   Code   RO         2875    i.USART_Cmd         stm32f10x_usart.o
    0x08002680   0x00000012   Code   RO         2876    i.USART_DMACmd      stm32f10x_usart.o
    0x08002692   0x00000002   PAD
    0x08002694   0x0000009c   Code   RO         2877    i.USART_DeInit      stm32f10x_usart.o
    0x08002730   0x00000054   Code   RO         2879    i.USART_GetITStatus  stm32f10x_usart.o
    0x08002784   0x0000004a   Code   RO         2881    i.USART_ITConfig    stm32f10x_usart.o
    0x080027ce   0x00000002   PAD
    0x080027d0   0x000000d8   Code   RO         2882    i.USART_Init        stm32f10x_usart.o
    0x080028a8   0x0000000a   Code   RO         2889    i.USART_ReceiveData  stm32f10x_usart.o
    0x080028b2   0x0000001a   Code   RO         3805    i.Upload_ProcessDMAIRQ  bsp_uart.o
    0x080028cc   0x00000004   Code   RO         3273    i.UsageFault_Handler  stm32f10x_it.o
    0x080028d0   0x00000020   Code   RO         5139    i.__0printf         mc_w.l(printfa.o)
    0x080028f0   0x0000000e   Code   RO         5330    i.__scatterload_copy  mc_w.l(handlers.o)
    0x080028fe   0x00000002   Code   RO         5331    i.__scatterload_null  mc_w.l(handlers.o)
    0x08002900   0x0000000e   Code   RO         5332    i.__scatterload_zeroinit  mc_w.l(handlers.o)
    0x0800290e   0x00000002   PAD
    0x08002910   0x00000164   Code   RO         5146    i._fp_digits        mc_w.l(printfa.o)
    0x08002a74   0x000006dc   Code   RO         5147    i._printf_core      mc_w.l(printfa.o)
    0x08003150   0x00000024   Code   RO         5148    i._printf_post_padding  mc_w.l(printfa.o)
    0x08003174   0x0000002e   Code   RO         5149    i._printf_pre_padding  mc_w.l(printfa.o)
    0x080031a2   0x00000002   PAD
    0x080031a4   0x0000003c   Code   RO         3352    i.calDutyCycle      app_steer.o
    0x080031e0   0x00000044   Code   RO         3760    i.delay_init        bsp_systick.o
    0x08003224   0x00000012   Code   RO         5270    i.fputc             mc_w.l(fputc.o)
    0x08003236   0x00000002   PAD
    0x08003238   0x00000050   Code   RO         5167    i.free              mc_w.l(malloc.o)
    0x08003288   0x00000034   Code   RO         3114    i.main              main.o
    0x080032bc   0x0000006c   Code   RO         5168    i.malloc            mc_w.l(malloc.o)
    0x08003328   0x00000020   Data   RO         5328    Region$$Table       anon$$obj.o


    Execution Region RW_IRAM1 (Base: 0x20000000, Size: 0x00001510, Max: 0x00005000, ABSOLUTE)

    Base Addr    Size         Type   Attr      Idx    E Section Name        Object

    0x20000000   0x00000014   Data   RW           28    .data               system_stm32f10x.o
    0x20000014   0x00000014   Data   RW         1726    .data               stm32f10x_rcc.o
    0x20000028   0x00000008   Data   RW         3484    .data               app_motor.o
    0x20000030   0x00000009   Data   RW         3693    .data               bsp_timer.o
    0x20000039   0x00000003   PAD
    0x2000003c   0x0000000c   Data   RW         3764    .data               bsp_systick.o
    0x20000048   0x0000000b   Data   RW         3807    .data               bsp_uart.o
    0x20000053   0x00000002   Data   RW         4013    .data               bsp_gps.o
    0x20000055   0x00000003   PAD
    0x20000058   0x00000004   Data   RW         5272    .data               mc_w.l(stdout.o)
    0x2000005c   0x00000004   Data   RW         5283    .data               mc_w.l(mvars.o)
    0x20000060   0x00000004   Data   RW         5284    .data               mc_w.l(mvars.o)
    0x20000064   0x00000010   Zero   RW         3115    .bss                main.o
    0x20000074   0x00000096   Zero   RW         3806    .bss                bsp_uart.o
    0x2000010a   0x00000006   PAD
    0x20000110   0x00001000   Zero   RW            2    HEAP                startup_stm32f10x_hd.o
    0x20001110   0x00000400   Zero   RW            1    STACK               startup_stm32f10x_hd.o


==============================================================================

Image component sizes


      Code (inc. data)   RO Data    RW Data    ZI Data      Debug   Object Name

        56          0          0          0          0        977   app_beep.o
        94          0          0          0          0       1955   app_light.o
        36          0          0          0          0       1430   app_message.o
       986         66          0          8          0       4110   app_motor.o
       688         20          0          0          0       5954   app_protocol.o
       482          8          0          0          0       5859   app_steer.o
         8          0          0          0          0        464   app_sysdelay.o
       668        112          0          0          0       2318   bsp_gpio.o
        60         10          0          2          0       1204   bsp_gps.o
      1124         42          0          0          0       4414   bsp_pwm.o
        68         22          0         12          0        701   bsp_systick.o
       168         28          0          9          0        961   bsp_timer.o
       974         76          0         11        150       5906   bsp_uart.o
         0          0          0          0          0       4504   core_cm3.o
        68         10          0          0         16       5476   main.o
       172         22          0          0          0       2089   misc.o
        36          8        304          0       5120        872   startup_stm32f10x_hd.o
       506         26          0          0          0       5171   stm32f10x_dma.o
       286          0          0          0          0       3052   stm32f10x_gpio.o
        74         26          0          0          0       4884   stm32f10x_it.o
       372         50          0         20          0       6196   stm32f10x_rcc.o
       954         92          0          0          0      10845   stm32f10x_tim.o
       582         28          0          0          0       6196   stm32f10x_usart.o
       328         28          0         20          0     259201   system_stm32f10x.o

    ----------------------------------------------------------------------
      8812        674        336         88       5292     344739   Object Totals
         0          0         32          0          0          0   (incl. Generated)
        22          0          0          6          6          0   (incl. Padding)

    ----------------------------------------------------------------------

      Code (inc. data)   RO Data    RW Data    ZI Data      Debug   Library Member Name

         0          0          0          0          0          0   entry.o
         0          0          0          0          0          0   entry10a.o
         0          0          0          0          0          0   entry11a.o
         8          4          0          0          0          0   entry2.o
         4          0          0          0          0          0   entry5.o
         0          0          0          0          0          0   entry7b.o
         0          0          0          0          0          0   entry8b.o
         8          4          0          0          0          0   entry9a.o
        18          0          0          0          0         80   fputc.o
        30          0          0          0          0          0   handlers.o
        36          8          0          0          0         68   init.o
         0          0          0          0          0          0   iusefp.o
         0          0          0          0          0          0   iusesemip.o
        30          0          0          0          0         68   llshl.o
        36          0          0          0          0         68   llsshr.o
        32          0          0          0          0         68   llushr.o
       188         20          0          0          0        160   malloc.o
        36          0          0          0          0         68   memcpya.o
         0          0          0          8          0          0   mvars.o
      2226         90          0          0          0        444   printfa.o
         0          0          0          0          0          0   semi.o
         0          0          0          4          0          0   stdout.o
        44          0          0          0          0         80   uidiv.o
        98          0          0          0          0         92   uldiv.o
        48          0          0          0          0         68   cdrcmple.o
       334          0          0          0          0        148   dadd.o
       222          0          0          0          0        100   ddiv.o
       186          0          0          0          0        176   depilogue.o
        50          0          0          0          0         76   dfixui.o
        48          0          0          0          0         68   dfixul.o
        34          0          0          0          0         76   dflti.o
        26          0          0          0          0         76   dfltui.o
       228          0          0          0          0         96   dmul.o

    ----------------------------------------------------------------------
      3980        126          0         12          0       2080   Library Totals
        10          0          0          0          0          0   (incl. Padding)

    ----------------------------------------------------------------------

      Code (inc. data)   RO Data    RW Data    ZI Data      Debug   Library Name

      2794        126          0         12          0       1196   mc_w.l
      1176          0          0          0          0        884   mf_w.l

    ----------------------------------------------------------------------
      3980        126          0         12          0       2080   Library Totals

    ----------------------------------------------------------------------

==============================================================================


      Code (inc. data)   RO Data    RW Data    ZI Data      Debug   

     12792        800        336        100       5292     340159   Grand Totals
     12792        800        336        100       5292     340159   ELF Image Totals
     12792        800        336        100          0          0   ROM Totals

==============================================================================

    Total RO  Size (Code + RO Data)                13128 (  12.82kB)
    Total RW  Size (RW Data + ZI Data)              5392 (   5.27kB)
    Total ROM Size (Code + RO Data + RW Data)      13228 (  12.92kB)

==============================================================================

